Component: ARM Compiler 5.06 update 4 (build 422) Tool: armlink [4d35d2]

==============================================================================

Section Cross References

    startup_stm32f407xx.o(RESET) refers to startup_stm32f407xx.o(STACK) for __initial_sp
    startup_stm32f407xx.o(RESET) refers to startup_stm32f407xx.o(.text) for Reset_Handler
    startup_stm32f407xx.o(RESET) refers to stm32f4xx_it.o(i.SysTick_Handler) for SysTick_Handler
    startup_stm32f407xx.o(RESET) refers to stm32f4xx_it.o(i.DMA1_Stream7_IRQHandler) for DMA1_Stream7_IRQHandler
    startup_stm32f407xx.o(RESET) refers to stm32f4xx_it.o(i.OTG_FS_IRQHandler) for OTG_FS_IRQHandler
    startup_stm32f407xx.o(.text) refers to system_stm32f4xx.o(i.SystemInit) for SystemInit
    startup_stm32f407xx.o(.text) refers to entry.o(.ARM.Collect$$$$00000000) for __main
    stm32f4xx_hal_i2s_ex.o(i.HAL_I2SEx_FullDuplex_IRQHandler) refers to stm32f4xx_hal_i2s_ex.o(i.I2SEx_FullDuplexTx_IT) for I2SEx_FullDuplexTx_IT
    stm32f4xx_hal_i2s_ex.o(i.HAL_I2SEx_FullDuplex_IRQHandler) refers to stm32f4xx_hal_i2s_ex.o(i.I2SEx_FullDuplexRx_IT) for I2SEx_FullDuplexRx_IT
    stm32f4xx_hal_i2s_ex.o(i.HAL_I2SEx_FullDuplex_IRQHandler) refers to stm32f4_discovery_audio.o(i.HAL_I2S_ErrorCallback) for HAL_I2S_ErrorCallback
    stm32f4xx_hal_i2s_ex.o(i.HAL_I2SEx_TransmitReceive) refers to stm32f4xx_hal_i2s_ex.o(i.I2SEx_FullDuplexWaitFlagStateUntilTimeout) for I2SEx_FullDuplexWaitFlagStateUntilTimeout
    stm32f4xx_hal_i2s_ex.o(i.HAL_I2SEx_TransmitReceive) refers to stm32f4_discovery_audio.o(i.HAL_I2S_ErrorCallback) for HAL_I2S_ErrorCallback
    stm32f4xx_hal_i2s_ex.o(i.HAL_I2SEx_TransmitReceive_DMA) refers to stm32f4xx_hal_dma.o(i.HAL_DMA_Start_IT) for HAL_DMA_Start_IT
    stm32f4xx_hal_i2s_ex.o(i.HAL_I2SEx_TransmitReceive_DMA) refers to stm32f4xx_hal_i2s_ex.o(i.I2SEx_TxRxDMAHalfCplt) for I2SEx_TxRxDMAHalfCplt
    stm32f4xx_hal_i2s_ex.o(i.HAL_I2SEx_TransmitReceive_DMA) refers to stm32f4xx_hal_i2s_ex.o(i.I2SEx_TxRxDMACplt) for I2SEx_TxRxDMACplt
    stm32f4xx_hal_i2s_ex.o(i.HAL_I2SEx_TransmitReceive_DMA) refers to stm32f4xx_hal_i2s_ex.o(i.I2SEx_TxRxDMAError) for I2SEx_TxRxDMAError
    stm32f4xx_hal_i2s_ex.o(i.HAL_I2SEx_TransmitReceive_IT) refers to stm32f4xx_hal_i2s_ex.o(i.HAL_I2SEx_TxRxCpltCallback) for HAL_I2SEx_TxRxCpltCallback
    stm32f4xx_hal_i2s_ex.o(i.I2SEx_FullDuplexRx_IT) refers to stm32f4xx_hal_i2s_ex.o(i.HAL_I2SEx_TxRxCpltCallback) for HAL_I2SEx_TxRxCpltCallback
    stm32f4xx_hal_i2s_ex.o(i.I2SEx_FullDuplexTx_IT) refers to stm32f4xx_hal_i2s_ex.o(i.HAL_I2SEx_TxRxCpltCallback) for HAL_I2SEx_TxRxCpltCallback
    stm32f4xx_hal_i2s_ex.o(i.I2SEx_FullDuplexWaitFlagStateUntilTimeout) refers to stm32f4xx_hal.o(i.HAL_GetTick) for HAL_GetTick
    stm32f4xx_hal_i2s_ex.o(i.I2SEx_TxRxDMACplt) refers to stm32f4xx_hal_i2s_ex.o(i.HAL_I2SEx_TxRxCpltCallback) for HAL_I2SEx_TxRxCpltCallback
    stm32f4xx_hal_i2s_ex.o(i.I2SEx_TxRxDMAError) refers to stm32f4_discovery_audio.o(i.HAL_I2S_ErrorCallback) for HAL_I2S_ErrorCallback
    stm32f4xx_hal_i2s_ex.o(i.I2SEx_TxRxDMAHalfCplt) refers to stm32f4xx_hal_i2s_ex.o(i.HAL_I2SEx_TxRxHalfCpltCallback) for HAL_I2SEx_TxRxHalfCpltCallback
    stm32f4xx_hal_dma.o(i.DMA_CalcBaseAndBitshift) refers to stm32f4xx_hal_dma.o(.constdata) for flagBitshiftOffset
    stm32f4xx_hal_dma.o(i.HAL_DMA_Abort) refers to stm32f4xx_hal.o(i.HAL_GetTick) for HAL_GetTick
    stm32f4xx_hal_dma.o(i.HAL_DMA_DeInit) refers to stm32f4xx_hal_dma.o(i.DMA_CalcBaseAndBitshift) for DMA_CalcBaseAndBitshift
    stm32f4xx_hal_dma.o(i.HAL_DMA_IRQHandler) refers to system_stm32f4xx.o(.data) for SystemCoreClock
    stm32f4xx_hal_dma.o(i.HAL_DMA_Init) refers to stm32f4xx_hal.o(i.HAL_GetTick) for HAL_GetTick
    stm32f4xx_hal_dma.o(i.HAL_DMA_Init) refers to stm32f4xx_hal_dma.o(i.DMA_CheckFifoParam) for DMA_CheckFifoParam
    stm32f4xx_hal_dma.o(i.HAL_DMA_Init) refers to stm32f4xx_hal_dma.o(i.DMA_CalcBaseAndBitshift) for DMA_CalcBaseAndBitshift
    stm32f4xx_hal_dma.o(i.HAL_DMA_PollForTransfer) refers to stm32f4xx_hal.o(i.HAL_GetTick) for HAL_GetTick
    stm32f4xx_hal_dma.o(i.HAL_DMA_PollForTransfer) refers to stm32f4xx_hal_dma.o(i.HAL_DMA_Abort) for HAL_DMA_Abort
    stm32f4xx_hal_dma.o(i.HAL_DMA_Start) refers to stm32f4xx_hal_dma.o(i.DMA_SetConfig) for DMA_SetConfig
    stm32f4xx_hal_dma.o(i.HAL_DMA_Start_IT) refers to stm32f4xx_hal_dma.o(i.DMA_SetConfig) for DMA_SetConfig
    stm32f4xx_hal_rcc_ex.o(i.HAL_RCCEx_DisablePLLI2S) refers to stm32f4xx_hal.o(i.HAL_GetTick) for HAL_GetTick
    stm32f4xx_hal_rcc_ex.o(i.HAL_RCCEx_EnablePLLI2S) refers to stm32f4xx_hal.o(i.HAL_GetTick) for HAL_GetTick
    stm32f4xx_hal_rcc_ex.o(i.HAL_RCCEx_PeriphCLKConfig) refers to stm32f4xx_hal.o(i.HAL_GetTick) for HAL_GetTick
    stm32f4xx_hal_rcc_ex.o(i.HAL_RCC_DeInit) refers to stm32f4xx_hal.o(i.HAL_GetTick) for HAL_GetTick
    stm32f4xx_hal_rcc_ex.o(i.HAL_RCC_DeInit) refers to stm32f4xx_hal.o(i.HAL_InitTick) for HAL_InitTick
[...]
    Removing main.o(.rrx_text), (6 bytes).
    Removing stm32f4xx_it.o(.rev16_text), (4 bytes).
    Removing stm32f4xx_it.o(.revsh_text), (4 bytes).
    Removing stm32f4xx_it.o(.rrx_text), (6 bytes).
    Removing procboard_drivers.o(.rev16_text), (4 bytes).
    Removing procboard_drivers.o(.revsh_text), (4 bytes).
    Removing procboard_drivers.o(.rrx_text), (6 bytes).
    Removing procboard_drivers.o(i.MicroDelay), (76 bytes).
    Removing procboard_drivers.o(i.PB_ADC_Convert), (60 bytes).
    Removing procboard_drivers.o(i.PB_ADC_Enable_Interrupts), (40 bytes).
    Removing procboard_drivers.o(i.PB_ADC_Init), (120 bytes).
    Removing procboard_drivers.o(i.PB_Counter_Init), (96 bytes).
    Removing procboard_drivers.o(i.PB_Counter_Read), (8 bytes).
    Removing procboard_drivers.o(i.PB_Counter_Set), (8 bytes).
    Removing procboard_drivers.o(i.PB_Counter_Start), (18 bytes).
    Removing procboard_drivers.o(i.PB_Counter_Stop), (20 bytes).
    Removing procboard_drivers.o(i.PB_DAC_Init), (100 bytes).
    Removing procboard_drivers.o(i.PB_DAC_Output), (12 bytes).
    Removing procboard_drivers.o(i.PB_FDTI_Init), (176 bytes).
    Removing procboard_drivers.o(i.PB_FDTI_Receive), (40 bytes).
    Removing procboard_drivers.o(i.PB_FDTI_Send), (40 bytes).
    Removing procboard_drivers.o(i.PB_FDTI_SendNewLine), (28 bytes).
    Removing procboard_drivers.o(i.PB_FTDI_Wait_Until_Ready), (20 bytes).
    Removing procboard_drivers.o(i.PB_I2C_Address), (52 bytes).
    Removing procboard_drivers.o(i.PB_I2C_Init), (192 bytes).
    Removing procboard_drivers.o(i.PB_I2C_Read), (60 bytes).
    Removing procboard_drivers.o(i.PB_I2C_Start), (36 bytes).
    Removing procboard_drivers.o(i.PB_I2C_Stop), (36 bytes).
    Removing procboard_drivers.o(i.PB_I2C_Write), (28 bytes).
    Removing procboard_drivers.o(i.PB_LCD_Clear), (22 bytes).
    Removing procboard_drivers.o(i.PB_LCD_GoToXY), (54 bytes).
    Removing procboard_drivers.o(i.PB_LCD_Init), (288 bytes).
    Removing procboard_drivers.o(i.PB_LCD_IsBusy), (152 bytes).
    Removing procboard_drivers.o(i.PB_LCD_Write), (128 bytes).
    Removing procboard_drivers.o(i.PB_LCD_WriteChar), (24 bytes).
    Removing procboard_drivers.o(i.PB_LCD_WriteString), (42 bytes).
    Removing procboard_drivers.o(i.PB_LED_GetState), (16 bytes).
    Removing procboard_drivers.o(i.PB_LED_Init), (56 bytes).
    Removing procboard_drivers.o(i.PB_LED_Off), (24 bytes).
    Removing procboard_drivers.o(i.PB_LED_On), (24 bytes).
    Removing procboard_drivers.o(i.PB_LED_Toggle), (32 bytes).
    Removing procboard_drivers.o(i.PB_LED_WriteByte), (32 bytes).
    Removing procboard_drivers.o(i.PB_SWITCH_GetAll), (20 bytes).
    Removing procboard_drivers.o(i.PB_SWITCH_GetBlue), (16 bytes).
    Removing procboard_drivers.o(i.PB_SWITCH_GetOne), (40 bytes).
    Removing procboard_drivers.o(i.PB_SWITCH_Init), (72 bytes).
    Removing procboard_drivers.o(i.PB_Set_As_Input), (32 bytes).
    Removing procboard_drivers.o(i.PB_Set_As_Output), (64 bytes).
    Removing procboard_drivers.o(i.PB_Tick_Init), (148 bytes).
    Removing system_stm32f4xx.o(.rev16_text), (4 bytes).
    Removing system_stm32f4xx.o(.revsh_text), (4 bytes).
    Removing system_stm32f4xx.o(.rrx_text), (6 bytes).
    Removing system_stm32f4xx.o(i.SystemCoreClockUpdate), (192 bytes).
    Removing dneg.o(.text), (6 bytes).

477 unused section(s) (total 44435 bytes) removed from the image.

==============================================================================

Image Symbol Table

    Local Symbols

    Symbol Name                              Value     Ov Type        Size  Object(Section)

    ..//Src/system_stm32f4xx.c               0x00000000   Number         0  system_stm32f4xx.o ABSOLUTE
    ../Drivers/STM32F4xx_HAL_Driver/Src/stm32f4xx_hal.c 0x00000000   Number         0  stm32f4xx_hal.o ABSOLUTE
    ../Drivers/STM32F4xx_HAL_Driver/Src/stm32f4xx_hal_cortex.c 0x00000000   Number         0  stm32f4xx_hal_cortex.o ABSOLUTE
    ../Drivers/STM32F4xx_HAL_Driver/Src/stm32f4xx_hal_dma.c 0x00000000   Number         0  stm32f4xx_hal_dma.o ABSOLUTE
    ../Drivers/STM32F4xx_HAL_Driver/Src/stm32f4xx_hal_dma_ex.c 0x00000000   Number         0  stm32f4xx_hal_dma_ex.o ABSOLUTE
    ../Drivers/STM32F4xx_HAL_Driver/Src/stm32f4xx_hal_flash.c 0x00000000   Number         0  stm32f4xx_hal_flash.o ABSOLUTE
    ../Drivers/STM32F4xx_HAL_Driver/Src/stm32f4xx_hal_flash_ex.c 0x00000000   Number         0  stm32f4xx_hal_flash_ex.o ABSOLUTE
    ../Drivers/STM32F4xx_HAL_Driver/Src/stm32f4xx_hal_flash_ramfunc.c 0x00000000   Number         0  stm32f4xx_hal_flash_ramfunc.o ABSOLUTE
    ../Drivers/STM32F4xx_HAL_Driver/Src/stm32f4xx_hal_gpio.c 0x00000000   Number         0  stm32f4xx_hal_gpio.o ABSOLUTE
    ../Drivers/STM32F4xx_HAL_Driver/Src/stm32f4xx_hal_hcd.c 0x00000000   Number         0  stm32f4xx_hal_hcd.o ABSOLUTE
    ../Drivers/STM32F4xx_HAL_Driver/Src/stm32f4xx_hal_i2c.c 0x00000000   Number         0  stm32f4xx_hal_i2c.o ABSOLUTE
    ../Drivers/STM32F4xx_HAL_Driver/Src/stm32f4xx_hal_i2c_ex.c 0x00000000   Number         0  stm32f4xx_hal_i2c_ex.o ABSOLUTE
    ../Drivers/STM32F4xx_HAL_Driver/Src/stm32f4xx_hal_i2s.c 0x00000000   Number         0  stm32f4xx_hal_i2s.o ABSOLUTE
    ../Drivers/STM32F4xx_HAL_Driver/Src/stm32f4xx_hal_i2s_ex.c 0x00000000   Number         0  stm32f4xx_hal_i2s_ex.o ABSOLUTE
    ../Drivers/STM32F4xx_HAL_Driver/Src/stm32f4xx_hal_pwr.c 0x00000000   Number         0  stm32f4xx_hal_pwr.o ABSOLUTE
    ../Drivers/STM32F4xx_HAL_Driver/Src/stm32f4xx_hal_pwr_ex.c 0x00000000   Number         0  stm32f4xx_hal_pwr_ex.o ABSOLUTE
    ../Drivers/STM32F4xx_HAL_Driver/Src/stm32f4xx_hal_rcc.c 0x00000000   Number         0  stm32f4xx_hal_rcc.o ABSOLUTE
    ../Drivers/STM32F4xx_HAL_Driver/Src/stm32f4xx_hal_rcc_ex.c 0x00000000   Number         0  stm32f4xx_hal_rcc_ex.o ABSOLUTE
    ../Drivers/STM32F4xx_HAL_Driver/Src/stm32f4xx_hal_spi.c 0x00000000   Number         0  stm32f4xx_hal_spi.o ABSOLUTE
    ../Drivers/STM32F4xx_HAL_Driver/Src/stm32f4xx_hal_tim.c 0x00000000   Number         0  stm32f4xx_hal_tim.o ABSOLUTE
    ../Drivers/STM32F4xx_HAL_Driver/Src/stm32f4xx_hal_tim_ex.c 0x00000000   Number         0  stm32f4xx_hal_tim_ex.o ABSOLUTE
    ../Drivers/STM32F4xx_HAL_Driver/Src/stm32f4xx_ll_usb.c 0x00000000   Number         0  stm32f4xx_ll_usb.o ABSOLUTE
    ../Src/main.c                            0x00000000   Number         0  main.o ABSOLUTE
    ../Src/stm32f4xx_hal_msp.c               0x00000000   Number         0  stm32f4xx_hal_msp.o ABSOLUTE
    ../Src/stm32f4xx_it.c                    0x00000000   Number         0  stm32f4xx_it.o ABSOLUTE
    ../clib/microlib/division.c              0x00000000   Number         0  uldiv.o ABSOLUTE
    ../clib/microlib/errno.c                 0x00000000   Number         0  errno.o ABSOLUTE
    ../clib/microlib/init/entry.s            0x00000000   Number         0  entry9a.o ABSOLUTE
    ../clib/microlib/init/entry.s            0x00000000   Number         0  entry8b.o ABSOLUTE
    ../clib/microlib/init/entry.s            0x00000000   Number         0  entry9b.o ABSOLUTE
    ../clib/microlib/init/entry.s            0x00000000   Number         0  entry8a.o ABSOLUTE
    ../clib/microlib/init/entry.s            0x00000000   Number         0  entry7a.o ABSOLUTE
    ../clib/microlib/init/entry.s            0x00000000   Number         0  entry.o ABSOLUTE
    ../clib/microlib/init/entry.s            0x00000000   Number         0  entry11a.o ABSOLUTE
    ../clib/microlib/init/entry.s            0x00000000   Number         0  entry11b.o ABSOLUTE
    ../clib/microlib/init/entry.s            0x00000000   Number         0  entry7b.o ABSOLUTE
    ../clib/microlib/init/entry.s            0x00000000   Number         0  entry5.o ABSOLUTE
    ../clib/microlib/init/entry.s            0x00000000   Number         0  entry10b.o ABSOLUTE
    ../clib/microlib/init/entry.s            0x00000000   Number         0  entry10a.o ABSOLUTE
    ../clib/microlib/init/entry.s            0x00000000   Number         0  entry2.o ABSOLUTE
    ../clib/microlib/longlong.c              0x00000000   Number         0  llushr.o ABSOLUTE
    ../clib/microlib/longlong.c              0x00000000   Number         0  llsshr.o ABSOLUTE
    ../clib/microlib/longlong.c              0x00000000   Number         0  llshl.o ABSOLUTE
    ../clib/microlib/string/memcpy.c         0x00000000   Number         0  memcpya.o ABSOLUTE
    ../clib/microlib/string/memcpy.c         0x00000000   Number         0  memcpyb.o ABSOLUTE
    ../clib/microlib/stubs.s                 0x00000000   Number         0  iusefp.o ABSOLUTE
    ../fplib/microlib/d2f.c                  0x00000000   Number         0  d2f.o ABSOLUTE
    ../fplib/microlib/fpadd.c                0x00000000   Number         0  dadd.o ABSOLUTE
    ../fplib/microlib/fpdiv.c                0x00000000   Number         0  ddiv.o ABSOLUTE
    ../fplib/microlib/fpepilogue.c           0x00000000   Number         0  depilogue.o ABSOLUTE
    ../fplib/microlib/fpepilogue.c           0x00000000   Number         0  fepilogue.o ABSOLUTE
    ../fplib/microlib/fpfix.c                0x00000000   Number         0  dfixi.o ABSOLUTE
    ../fplib/microlib/fpflt.c                0x00000000   Number         0  dfltui.o ABSOLUTE
    ../fplib/microlib/fpflt.c                0x00000000   Number         0  dflti.o ABSOLUTE
    ../fplib/microlib/fpmul.c                0x00000000   Number         0  dmul.o ABSOLUTE
    ../fplib/microlib/fpneg.c                0x00000000   Number         0  dneg.o ABSOLUTE
    ../mathlib/cos_i.c                       0x00000000   Number         0  cos_i.o ABSOLUTE
    ../mathlib/dunder.c                      0x00000000   Number         0  dunder.o ABSOLUTE
    ../mathlib/fabs.c                        0x00000000   Number         0  fabs.o ABSOLUTE
    ../mathlib/fpclassify.c                  0x00000000   Number         0  fpclassify.o ABSOLUTE
    ../mathlib/poly.c                        0x00000000   Number         0  poly.o ABSOLUTE
    ../mathlib/rred.c                        0x00000000   Number         0  rred.o ABSOLUTE
    ../mathlib/sin.c                         0x00000000   Number         0  sin.o ABSOLUTE
    ../mathlib/sin.c                         0x00000000   Number         0  sin_x.o ABSOLUTE
    ../mathlib/sin_i.c                       0x00000000   Number         0  sin_i.o ABSOLUTE
    ../mathlib/sin_i.c                       0x00000000   Number         0  sin_i_x.o ABSOLUTE
    ..\Drivers\Audio\cs43l22.c               0x00000000   Number         0  cs43l22.o ABSOLUTE
    ..\Drivers\Audio\stm32f4_discovery.c     0x00000000   Number         0  stm32f4_discovery.o ABSOLUTE
    ..\Drivers\Audio\stm32f4_discovery_audio.c 0x00000000   Number         0  stm32f4_discovery_audio.o ABSOLUTE
    ..\Drivers\STM32F4xx_HAL_Driver\Src\stm32f4xx_hal.c 0x00000000   Number         0  stm32f4xx_hal.o ABSOLUTE
    ..\Drivers\STM32F4xx_HAL_Driver\Src\stm32f4xx_hal_cortex.c 0x00000000   Number         0  stm32f4xx_hal_cortex.o ABSOLUTE
    ..\Drivers\STM32F4xx_HAL_Driver\Src\stm32f4xx_hal_dma.c 0x00000000   Number         0  stm32f4xx_hal_dma.o ABSOLUTE
    ..\Drivers\STM32F4xx_HAL_Driver\Src\stm32f4xx_hal_dma_ex.c 0x00000000   Number         0  stm32f4xx_hal_dma_ex.o ABSOLUTE
    ..\Drivers\STM32F4xx_HAL_Driver\Src\stm32f4xx_hal_flash.c 0x00000000   Number         0  stm32f4xx_hal_flash.o ABSOLUTE
    ..\Drivers\STM32F4xx_HAL_Driver\Src\stm32f4xx_hal_flash_ex.c 0x00000000   Number         0  stm32f4xx_hal_flash_ex.o ABSOLUTE
    ..\Drivers\STM32F4xx_HAL_Driver\Src\stm32f4xx_hal_flash_ramfunc.c 0x00000000   Number         0  stm32f4xx_hal_flash_ramfunc.o ABSOLUTE
    ..\Drivers\STM32F4xx_HAL_Driver\Src\stm32f4xx_hal_gpio.c 0x00000000   Number         0  stm32f4xx_hal_gpio.o ABSOLUTE
    ..\Drivers\STM32F4xx_HAL_Driver\Src\stm32f4xx_hal_hcd.c 0x00000000   Number         0  stm32f4xx_hal_hcd.o ABSOLUTE
    ..\Drivers\STM32F4xx_HAL_Driver\Src\stm32f4xx_hal_i2c.c 0x00000000   Number         0  stm32f4xx_hal_i2c.o ABSOLUTE
    ..\Drivers\STM32F4xx_HAL_Driver\Src\stm32f4xx_hal_i2c_ex.c 0x00000000   Number         0  stm32f4xx_hal_i2c_ex.o ABSOLUTE
    ..\Drivers\STM32F4xx_HAL_Driver\Src\stm32f4xx_hal_i2s.c 0x00000000   Number         0  stm32f4xx_hal_i2s.o ABSOLUTE
    ..\Drivers\STM32F4xx_HAL_Driver\Src\stm32f4xx_hal_i2s_ex.c 0x00000000   Number         0  stm32f4xx_hal_i2s_ex.o ABSOLUTE
    ..\Drivers\STM32F4xx_HAL_Driver\Src\stm32f4xx_hal_pwr.c 0x00000000   Number         0  stm32f4xx_hal_pwr.o ABSOLUTE
    ..\Drivers\STM32F4xx_HAL_Driver\Src\stm32f4xx_hal_pwr_ex.c 0x00000000   Number         0  stm32f4xx_hal_pwr_ex.o ABSOLUTE
    ..\Drivers\STM32F4xx_HAL_Driver\Src\stm32f4xx_hal_rcc.c 0x00000000   Number         0  stm32f4xx_hal_rcc.o ABSOLUTE
    ..\Drivers\STM32F4xx_HAL_Driver\Src\stm32f4xx_hal_rcc_ex.c 0x00000000   Number         0  stm32f4xx_hal_rcc_ex.o ABSOLUTE
    ..\Drivers\STM32F4xx_HAL_Driver\Src\stm32f4xx_hal_spi.c 0x00000000   Number         0  stm32f4xx_hal_spi.o ABSOLUTE
    ..\Drivers\STM32F4xx_HAL_Driver\Src\stm32f4xx_hal_tim.c 0x00000000   Number         0  stm32f4xx_hal_tim.o ABSOLUTE
    ..\Drivers\STM32F4xx_HAL_Driver\Src\stm32f4xx_hal_tim_ex.c 0x00000000   Number         0  stm32f4xx_hal_tim_ex.o ABSOLUTE
    ..\Drivers\STM32F4xx_HAL_Driver\Src\stm32f4xx_ll_usb.c 0x00000000   Number         0  stm32f4xx_ll_usb.o ABSOLUTE
    ..\Src\ProcBoard_Drivers.c               0x00000000   Number         0  procboard_drivers.o ABSOLUTE
    ..\Src\main.c                            0x00000000   Number         0  main.o ABSOLUTE
    ..\Src\stm32f4xx_hal_msp.c               0x00000000   Number         0  stm32f4xx_hal_msp.o ABSOLUTE
    ..\Src\stm32f4xx_it.c                    0x00000000   Number         0  stm32f4xx_it.o ABSOLUTE
    ..\\Drivers\\Audio\\stm32f4_discovery.c  0x00000000   Number         0  stm32f4_discovery.o ABSOLUTE
    ..\\Drivers\\Audio\\stm32f4_discovery_audio.c 0x00000000   Number         0  stm32f4_discovery_audio.o ABSOLUTE
    ..\\Src\\ProcBoard_Drivers.c             0x00000000   Number         0  procboard_drivers.o ABSOLUTE
    ..\\Src\system_stm32f4xx.c               0x00000000   Number         0  system_stm32f4xx.o ABSOLUTE
    dc.s                                     0x00000000   Number         0  dc.o ABSOLUTE
    handlers.s                               0x00000000   Number         0  handlers.o ABSOLUTE
    init.s                                   0x00000000   Number         0  init.o ABSOLUTE
    startup_stm32f407xx.s                    0x00000000   Number         0  startup_stm32f407xx.o ABSOLUTE
    RESET                                    0x08000000   Section      392  startup_stm32f407xx.o(RESET)
    .ARM.Collect$$$$00000000                 0x08000188   Section        0  entry.o(.ARM.Collect$$$$00000000)
    .ARM.Collect$$$$00000001                 0x08000188   Section        4  entry2.o(.ARM.Collect$$$$00000001)
    .ARM.Collect$$$$00000004                 0x0800018c   Section        4  entry5.o(.ARM.Collect$$$$00000004)
    .ARM.Collect$$$$00000008                 0x08000190   Section        0  entry7b.o(.ARM.Collect$$$$00000008)
    .ARM.Collect$$$$0000000A                 0x08000190   Section        0  entry8b.o(.ARM.Collect$$$$0000000A)
    .ARM.Collect$$$$0000000B                 0x08000190   Section        8  entry9a.o(.ARM.Collect$$$$0000000B)
    .ARM.Collect$$$$0000000D                 0x08000198   Section        0  entry10a.o(.ARM.Collect$$$$0000000D)
    .ARM.Collect$$$$0000000F                 0x08000198   Section        0  entry11a.o(.ARM.Collect$$$$0000000F)
    .ARM.Collect$$$$00002712                 0x08000198   Section        4  entry2.o(.ARM.Collect$$$$00002712)
    __lit__00000000                          0x08000198   Data           4  entry2.o(.ARM.Collect$$$$00002712)
    .text                                    0x0800019c   Section       36  startup_stm32f407xx.o(.text)
    $v0                                      0x0800019c   Number         0  startup_stm32f407xx.o(.text)
    .text                                    0x080001c0   Section        0  uldiv.o(.text)
    .text                                    0x08000222   Section        0  dmul.o(.text)
    .text                                    0x08000306   Section        0  ddiv.o(.text)
    .text                                    0x080003e4   Section        0  dflti.o(.text)
    .text                                    0x08000406   Section        0  d2f.o(.text)
    .text                                    0x0800043e   Section        0  llshl.o(.text)
    .text                                    0x0800045c   Section        0  llushr.o(.text)
    .text                                    0x0800047c   Section        0  fepilogue.o(.text)
    .text                                    0x0800047c   Section        0  iusefp.o(.text)
    .text                                    0x080004ea   Section        0  depilogue.o(.text)
    .text                                    0x080005a4   Section       36  init.o(.text)
    .text                                    0x080005c8   Section        0  dadd.o(.text)
    .text                                    0x08000716   Section        0  dfltui.o(.text)
    .text                                    0x08000730   Section        0  dfixi.o(.text)
    .text                                    0x0800076e   Section        0  llsshr.o(.text)
    i.AUDIO_IO_DeInit                        0x08000792   Section        0  stm32f4_discovery.o(i.AUDIO_IO_DeInit)
    i.AUDIO_IO_Init                          0x08000794   Section        0  stm32f4_discovery.o(i.AUDIO_IO_Init)
    i.AUDIO_IO_Read                          0x08000800   Section        0  stm32f4_discovery.o(i.AUDIO_IO_Read)
    i.AUDIO_IO_Write                         0x08000810   Section        0  stm32f4_discovery.o(i.AUDIO_IO_Write)
    i.BSP_AUDIO_OUT_ChangeBuffer             0x08000824   Section        0  stm32f4_discovery_audio.o(i.BSP_AUDIO_OUT_ChangeBuffer)
    i.BSP_AUDIO_OUT_ClockConfig              0x0800083c   Section        0  stm32f4_discovery_audio.o(i.BSP_AUDIO_OUT_ClockConfig)
    i.BSP_AUDIO_OUT_Error_CallBack           0x080008b0   Section        0  stm32f4_discovery_audio.o(i.BSP_AUDIO_OUT_Error_CallBack)
    i.BSP_AUDIO_OUT_HalfTransfer_CallBack    0x080008b4   Section        0  main.o(i.BSP_AUDIO_OUT_HalfTransfer_CallBack)
    i.BSP_AUDIO_OUT_Init                     0x080008cc   Section        0  stm32f4_discovery_audio.o(i.BSP_AUDIO_OUT_Init)
    i.BSP_AUDIO_OUT_MspInit                  0x08000948   Section        0  stm32f4_discovery_audio.o(i.BSP_AUDIO_OUT_MspInit)
    i.BSP_AUDIO_OUT_Play                     0x08000ab4   Section        0  stm32f4_discovery_audio.o(i.BSP_AUDIO_OUT_Play)
    i.BSP_AUDIO_OUT_TransferComplete_CallBack 0x08000af8   Section        0  main.o(i.BSP_AUDIO_OUT_TransferComplete_CallBack)
    i.CODEC_IO_Write                         0x08000b20   Section        0  cs43l22.o(i.CODEC_IO_Write)
    CODEC_IO_Write                           0x08000b21   Thumb Code    28  cs43l22.o(i.CODEC_IO_Write)
    i.DMA1_Stream7_IRQHandler                0x08000b3c   Section        0  stm32f4xx_it.o(i.DMA1_Stream7_IRQHandler)
    i.DMA_CalcBaseAndBitshift                0x08000b4c   Section        0  stm32f4xx_hal_dma.o(i.DMA_CalcBaseAndBitshift)
    DMA_CalcBaseAndBitshift                  0x08000b4d   Thumb Code    46  stm32f4xx_hal_dma.o(i.DMA_CalcBaseAndBitshift)
    i.DMA_CheckFifoParam                     0x08000b80   Section        0  stm32f4xx_hal_dma.o(i.DMA_CheckFifoParam)
    DMA_CheckFifoParam                       0x08000b81   Thumb Code   170  stm32f4xx_hal_dma.o(i.DMA_CheckFifoParam)
    i.DMA_SetConfig                          0x08000c2a   Section        0  stm32f4xx_hal_dma.o(i.DMA_SetConfig)
    DMA_SetConfig                            0x08000c2b   Thumb Code    44  stm32f4xx_hal_dma.o(i.DMA_SetConfig)
    i.HAL_DMA_DeInit                         0x08000c56   Section        0  stm32f4xx_hal_dma.o(i.HAL_DMA_DeInit)
    i.HAL_DMA_IRQHandler                     0x08000cb8   Section        0  stm32f4xx_hal_dma.o(i.HAL_DMA_IRQHandler)
    i.HAL_DMA_Init                           0x08000ef8   Section        0  stm32f4xx_hal_dma.o(i.HAL_DMA_Init)
    i.HAL_DMA_Start_IT                       0x08000fe4   Section        0  stm32f4xx_hal_dma.o(i.HAL_DMA_Start_IT)
    i.HAL_Delay                              0x08001084   Section        0  stm32f4xx_hal.o(i.HAL_Delay)
    i.HAL_GPIO_DeInit                        0x080010ac   Section        0  stm32f4xx_hal_gpio.o(i.HAL_GPIO_DeInit)
    i.HAL_GPIO_Init                          0x08001210   Section        0  stm32f4xx_hal_gpio.o(i.HAL_GPIO_Init)
    i.HAL_GPIO_WritePin                      0x08001410   Section        0  stm32f4xx_hal_gpio.o(i.HAL_GPIO_WritePin)
    i.HAL_GetTick                            0x0800141c   Section        0  stm32f4xx_hal.o(i.HAL_GetTick)
    i.HAL_HCD_Connect_Callback               0x08001428   Section        0  stm32f4xx_hal_hcd.o(i.HAL_HCD_Connect_Callback)
    i.HAL_HCD_Disconnect_Callback            0x0800142a   Section        0  stm32f4xx_hal_hcd.o(i.HAL_HCD_Disconnect_Callback)
    i.HAL_HCD_HC_NotifyURBChange_Callback    0x0800142c   Section        0  stm32f4xx_hal_hcd.o(i.HAL_HCD_HC_NotifyURBChange_Callback)
    i.HAL_HCD_IRQHandler                     0x0800142e   Section        0  stm32f4xx_hal_hcd.o(i.HAL_HCD_IRQHandler)
    i.HAL_HCD_SOF_Callback                   0x08001594   Section        0  stm32f4xx_hal_hcd.o(i.HAL_HCD_SOF_Callback)
    i.HAL_I2C_DeInit                         0x08001596   Section        0  stm32f4xx_hal_i2c.o(i.HAL_I2C_DeInit)
    i.HAL_I2C_GetState                       0x080015d2   Section        0  stm32f4xx_hal_i2c.o(i.HAL_I2C_GetState)
    i.HAL_I2C_Init                           0x080015dc   Section        0  stm32f4xx_hal_i2c.o(i.HAL_I2C_Init)
    i.HAL_I2C_Mem_Read                       0x08001704   Section        0  stm32f4xx_hal_i2c.o(i.HAL_I2C_Mem_Read)
    i.HAL_I2C_Mem_Write                      0x08001a2c   Section        0  stm32f4xx_hal_i2c.o(i.HAL_I2C_Mem_Write)
    i.HAL_I2C_MspDeInit                      0x08001bb4   Section        0  stm32f4xx_hal_msp.o(i.HAL_I2C_MspDeInit)
    i.HAL_I2C_MspInit                        0x08001be4   Section        0  stm32f4xx_hal_msp.o(i.HAL_I2C_MspInit)
    i.HAL_I2SEx_FullDuplex_IRQHandler        0x08001c40   Section        0  stm32f4xx_hal_i2s_ex.o(i.HAL_I2SEx_FullDuplex_IRQHandler)
    i.HAL_I2SEx_TxRxCpltCallback             0x08001ecc   Section        0  stm32f4xx_hal_i2s_ex.o(i.HAL_I2SEx_TxRxCpltCallback)
    i.HAL_I2S_ErrorCallback                  0x08001ed0   Section        0  stm32f4_discovery_audio.o(i.HAL_I2S_ErrorCallback)
    i.HAL_I2S_GetState                       0x08001ee8   Section        0  stm32f4xx_hal_i2s.o(i.HAL_I2S_GetState)
    i.HAL_I2S_Init                           0x08001ef0   Section        0  stm32f4xx_hal_i2s.o(i.HAL_I2S_Init)
    i.HAL_I2S_MspInit                        0x080020b4   Section        0  stm32f4xx_hal_msp.o(i.HAL_I2S_MspInit)
    i.HAL_I2S_RxCpltCallback                 0x0800212c   Section        0  stm32f4xx_hal_i2s.o(i.HAL_I2S_RxCpltCallback)
    i.HAL_I2S_Transmit_DMA                   0x08002130   Section        0  stm32f4xx_hal_i2s.o(i.HAL_I2S_Transmit_DMA)
    i.HAL_I2S_TxCpltCallback                 0x08002210   Section        0  stm32f4_discovery_audio.o(i.HAL_I2S_TxCpltCallback)
    i.HAL_I2S_TxHalfCpltCallback             0x08002228   Section        0  stm32f4_discovery_audio.o(i.HAL_I2S_TxHalfCpltCallback)
    i.HAL_IncTick                            0x08002240   Section        0  stm32f4xx_hal.o(i.HAL_IncTick)
    i.HAL_Init                               0x08002258   Section        0  stm32f4xx_hal.o(i.HAL_Init)
    i.HAL_InitTick                           0x08002294   Section        0  stm32f4xx_hal.o(i.HAL_InitTick)
    i.HAL_MspInit                            0x080022e0   Section        0  stm32f4xx_hal_msp.o(i.HAL_MspInit)
    i.HAL_NVIC_EnableIRQ                     0x08002336   Section        0  stm32f4xx_hal_cortex.o(i.HAL_NVIC_EnableIRQ)
    i.HAL_NVIC_SetPriority                   0x08002350   Section        0  stm32f4xx_hal_cortex.o(i.HAL_NVIC_SetPriority)
    i.HAL_NVIC_SetPriorityGrouping           0x080023cc   Section        0  stm32f4xx_hal_cortex.o(i.HAL_NVIC_SetPriorityGrouping)
    i.HAL_RCCEx_GetPeriphCLKConfig           0x080023f4   Section        0  stm32f4xx_hal_rcc_ex.o(i.HAL_RCCEx_GetPeriphCLKConfig)
    i.HAL_RCCEx_GetPeriphCLKFreq             0x0800242c   Section        0  stm32f4xx_hal_rcc_ex.o(i.HAL_RCCEx_GetPeriphCLKFreq)
    i.HAL_RCCEx_PeriphCLKConfig              0x080024bc   Section        0  stm32f4xx_hal_rcc_ex.o(i.HAL_RCCEx_PeriphCLKConfig)
    i.HAL_RCC_ClockConfig                    0x0800265c   Section        0  stm32f4xx_hal_rcc.o(i.HAL_RCC_ClockConfig)
    i.HAL_RCC_GetHCLKFreq                    0x080027dc   Section        0  stm32f4xx_hal_rcc.o(i.HAL_RCC_GetHCLKFreq)
    i.HAL_RCC_GetPCLK1Freq                   0x080027e8   Section        0  stm32f4xx_hal_rcc.o(i.HAL_RCC_GetPCLK1Freq)
    i.HAL_RCC_GetSysClockFreq                0x08002808   Section        0  stm32f4xx_hal_rcc.o(i.HAL_RCC_GetSysClockFreq)
    i.HAL_RCC_OscConfig                      0x080028b8   Section        0  stm32f4xx_hal_rcc.o(i.HAL_RCC_OscConfig)
    i.HAL_SYSTICK_CLKSourceConfig            0x08002d00   Section        0  stm32f4xx_hal_cortex.o(i.HAL_SYSTICK_CLKSourceConfig)
    i.HAL_SYSTICK_Callback                   0x08002d28   Section        0  stm32f4xx_hal_cortex.o(i.HAL_SYSTICK_Callback)
    i.HAL_SYSTICK_Config                     0x08002d2a   Section        0  stm32f4xx_hal_cortex.o(i.HAL_SYSTICK_Config)
    i.HAL_SYSTICK_IRQHandler                 0x08002d5e   Section        0  stm32f4xx_hal_cortex.o(i.HAL_SYSTICK_IRQHandler)
    i.HCD_HC_IN_IRQHandler                   0x08002d66   Section        0  stm32f4xx_hal_hcd.o(i.HCD_HC_IN_IRQHandler)
    HCD_HC_IN_IRQHandler                     0x08002d67   Thumb Code  1266  stm32f4xx_hal_hcd.o(i.HCD_HC_IN_IRQHandler)
    i.HCD_HC_OUT_IRQHandler                  0x08003258   Section        0  stm32f4xx_hal_hcd.o(i.HCD_HC_OUT_IRQHandler)
    HCD_HC_OUT_IRQHandler                    0x08003259   Thumb Code  1232  stm32f4xx_hal_hcd.o(i.HCD_HC_OUT_IRQHandler)
    i.HCD_Port_IRQHandler                    0x08003728   Section        0  stm32f4xx_hal_hcd.o(i.HCD_Port_IRQHandler)
    HCD_Port_IRQHandler                      0x08003729   Thumb Code   210  stm32f4xx_hal_hcd.o(i.HCD_Port_IRQHandler)
    i.HCD_RXQLVL_IRQHandler                  0x080037fc   Section        0  stm32f4xx_hal_hcd.o(i.HCD_RXQLVL_IRQHandler)
    HCD_RXQLVL_IRQHandler                    0x080037fd   Thumb Code   260  stm32f4xx_hal_hcd.o(i.HCD_RXQLVL_IRQHandler)
    i.I2C_IsAcknowledgeFailed                0x08003904   Section        0  stm32f4xx_hal_i2c.o(i.I2C_IsAcknowledgeFailed)
    I2C_IsAcknowledgeFailed                  0x08003905   Thumb Code    52  stm32f4xx_hal_i2c.o(i.I2C_IsAcknowledgeFailed)
    i.I2C_RequestMemoryRead                  0x08003938   Section        0  stm32f4xx_hal_i2c.o(i.I2C_RequestMemoryRead)
    I2C_RequestMemoryRead                    0x08003939   Thumb Code   340  stm32f4xx_hal_i2c.o(i.I2C_RequestMemoryRead)
    i.I2C_RequestMemoryWrite                 0x08003a90   Section        0  stm32f4xx_hal_i2c.o(i.I2C_RequestMemoryWrite)
    I2C_RequestMemoryWrite                   0x08003a91   Thumb Code   218  stm32f4xx_hal_i2c.o(i.I2C_RequestMemoryWrite)
    i.I2C_WaitOnBTFFlagUntilTimeout          0x08003b70   Section        0  stm32f4xx_hal_i2c.o(i.I2C_WaitOnBTFFlagUntilTimeout)
    I2C_WaitOnBTFFlagUntilTimeout            0x08003b71   Thumb Code    86  stm32f4xx_hal_i2c.o(i.I2C_WaitOnBTFFlagUntilTimeout)
    i.I2C_WaitOnFlagUntilTimeout             0x08003bc6   Section        0  stm32f4xx_hal_i2c.o(i.I2C_WaitOnFlagUntilTimeout)
    I2C_WaitOnFlagUntilTimeout               0x08003bc7   Thumb Code   124  stm32f4xx_hal_i2c.o(i.I2C_WaitOnFlagUntilTimeout)
    i.I2C_WaitOnMasterAddressFlagUntilTimeout 0x08003c42   Section        0  stm32f4xx_hal_i2c.o(i.I2C_WaitOnMasterAddressFlagUntilTimeout)
    I2C_WaitOnMasterAddressFlagUntilTimeout  0x08003c43   Thumb Code   172  stm32f4xx_hal_i2c.o(i.I2C_WaitOnMasterAddressFlagUntilTimeout)
    i.I2C_WaitOnRXNEFlagUntilTimeout         0x08003cee   Section        0  stm32f4xx_hal_i2c.o(i.I2C_WaitOnRXNEFlagUntilTimeout)
    I2C_WaitOnRXNEFlagUntilTimeout           0x08003cef   Thumb Code   110  stm32f4xx_hal_i2c.o(i.I2C_WaitOnRXNEFlagUntilTimeout)
    i.I2C_WaitOnTXEFlagUntilTimeout          0x08003d5c   Section        0  stm32f4xx_hal_i2c.o(i.I2C_WaitOnTXEFlagUntilTimeout)
    I2C_WaitOnTXEFlagUntilTimeout            0x08003d5d   Thumb Code    86  stm32f4xx_hal_i2c.o(i.I2C_WaitOnTXEFlagUntilTimeout)
    i.I2Cx_Error                             0x08003db4   Section        0  stm32f4_discovery.o(i.I2Cx_Error)
    I2Cx_Error                               0x08003db5   Thumb Code    16  stm32f4_discovery.o(i.I2Cx_Error)
    i.I2Cx_Init                              0x08003dc8   Section        0  stm32f4_discovery.o(i.I2Cx_Init)
    I2Cx_Init                                0x08003dc9   Thumb Code    50  stm32f4_discovery.o(i.I2Cx_Init)
    i.I2Cx_MspInit                           0x08003e08   Section        0  stm32f4_discovery.o(i.I2Cx_MspInit)
    I2Cx_MspInit                             0x08003e09   Thumb Code   164  stm32f4_discovery.o(i.I2Cx_MspInit)
    i.I2Cx_ReadData                          0x08003eb4   Section        0  stm32f4_discovery.o(i.I2Cx_ReadData)
    I2Cx_ReadData                            0x08003eb5   Thumb Code    56  stm32f4_discovery.o(i.I2Cx_ReadData)
    i.I2Cx_WriteData                         0x08003ef4   Section        0  stm32f4_discovery.o(i.I2Cx_WriteData)
    I2Cx_WriteData                           0x08003ef5   Thumb Code    50  stm32f4_discovery.o(i.I2Cx_WriteData)
    i.I2S3_Init                              0x08003f30   Section        0  stm32f4_discovery_audio.o(i.I2S3_Init)
    I2S3_Init                                0x08003f31   Thumb Code    72  stm32f4_discovery_audio.o(i.I2S3_Init)
    i.I2SEx_FullDuplexRx_IT                  0x08003f80   Section        0  stm32f4xx_hal_i2s_ex.o(i.I2SEx_FullDuplexRx_IT)
    I2SEx_FullDuplexRx_IT                    0x08003f81   Thumb Code   162  stm32f4xx_hal_i2s_ex.o(i.I2SEx_FullDuplexRx_IT)
    i.I2SEx_FullDuplexTx_IT                  0x0800402c   Section        0  stm32f4xx_hal_i2s_ex.o(i.I2SEx_FullDuplexTx_IT)
    I2SEx_FullDuplexTx_IT                    0x0800402d   Thumb Code   158  stm32f4xx_hal_i2s_ex.o(i.I2SEx_FullDuplexTx_IT)
    i.I2S_DMAError                           0x080040d4   Section        0  stm32f4xx_hal_i2s.o(i.I2S_DMAError)
    I2S_DMAError                             0x080040d5   Thumb Code    46  stm32f4xx_hal_i2s.o(i.I2S_DMAError)
    i.I2S_DMATxCplt                          0x08004102   Section        0  stm32f4xx_hal_i2s.o(i.I2S_DMATxCplt)
    I2S_DMATxCplt                            0x08004103   Thumb Code    46  stm32f4xx_hal_i2s.o(i.I2S_DMATxCplt)
    i.I2S_DMATxHalfCplt                      0x08004130   Section        0  stm32f4xx_hal_i2s.o(i.I2S_DMATxHalfCplt)
    I2S_DMATxHalfCplt                        0x08004131   Thumb Code    14  stm32f4xx_hal_i2s.o(i.I2S_DMATxHalfCplt)
    i.I2S_IRQHandler                         0x0800413e   Section        0  stm32f4xx_hal_i2s.o(i.I2S_IRQHandler)
    I2S_IRQHandler                           0x0800413f   Thumb Code   224  stm32f4xx_hal_i2s.o(i.I2S_IRQHandler)
    i.I2S_Receive_IT                         0x0800421e   Section        0  stm32f4xx_hal_i2s.o(i.I2S_Receive_IT)
    I2S_Receive_IT                           0x0800421f   Thumb Code    56  stm32f4xx_hal_i2s.o(i.I2S_Receive_IT)
    i.I2S_Transmit_IT                        0x08004256   Section        0  stm32f4xx_hal_i2s.o(i.I2S_Transmit_IT)
    I2S_Transmit_IT                          0x08004257   Thumb Code    54  stm32f4xx_hal_i2s.o(i.I2S_Transmit_IT)
    i.MX_GPIO_Init                           0x0800428c   Section        0  main.o(i.MX_GPIO_Init)
    MX_GPIO_Init                             0x0800428d   Thumb Code   418  main.o(i.MX_GPIO_Init)
    i.NVIC_GetPriorityGrouping               0x0800444c   Section        0  stm32f4xx_hal_cortex.o(i.NVIC_GetPriorityGrouping)
    NVIC_GetPriorityGrouping                 0x0800444d   Thumb Code    10  stm32f4xx_hal_cortex.o(i.NVIC_GetPriorityGrouping)
    i.NVIC_SetPriority                       0x0800445c   Section        0  stm32f4xx_hal_cortex.o(i.NVIC_SetPriority)
    NVIC_SetPriority                         0x0800445d   Thumb Code    32  stm32f4xx_hal_cortex.o(i.NVIC_SetPriority)
    i.OTG_FS_IRQHandler                      0x08004484   Section        0  stm32f4xx_it.o(i.OTG_FS_IRQHandler)
    i.SysTick_Handler                        0x08004494   Section        0  stm32f4xx_it.o(i.SysTick_Handler)
    i.SystemClock_Config                     0x080044a0   Section        0  main.o(i.SystemClock_Config)
    i.SystemInit                             0x080045a0   Section        0  system_stm32f4xx.o(i.SystemInit)
    i.USB_GetMode                            0x08004604   Section        0  stm32f4xx_ll_usb.o(i.USB_GetMode)
    i.USB_HC_Halt                            0x0800460e   Section        0  stm32f4xx_ll_usb.o(i.USB_HC_Halt)
    i.USB_HC_ReadInterrupt                   0x08004756   Section        0  stm32f4xx_ll_usb.o(i.USB_HC_ReadInterrupt)
    i.USB_InitFSLSPClkSel                    0x08004762   Section        0  stm32f4xx_ll_usb.o(i.USB_InitFSLSPClkSel)
    i.USB_ReadInterrupts                     0x080047a0   Section        0  stm32f4xx_ll_usb.o(i.USB_ReadInterrupts)
    i.USB_ReadPacket                         0x080047ac   Section        0  stm32f4xx_ll_usb.o(i.USB_ReadPacket)
    i._Error_Handler                         0x080047ce   Section        0  main.o(i._Error_Handler)
    i.__ARM_fpclassify                       0x080047d2   Section        0  fpclassify.o(i.__ARM_fpclassify)
    i.__hardfp_sin                           0x08004808   Section        0  sin.o(i.__hardfp_sin)
    i.__ieee754_rem_pio2                     0x080048d0   Section        0  rred.o(i.__ieee754_rem_pio2)
    i.__kernel_cos                           0x08004d08   Section        0  cos_i.o(i.__kernel_cos)
    i.__kernel_poly                          0x08004e78   Section        0  poly.o(i.__kernel_poly)
    i.__kernel_sin                           0x08004f70   Section        0  sin_i.o(i.__kernel_sin)
    i.__mathlib_dbl_infnan                   0x080050a0   Section        0  dunder.o(i.__mathlib_dbl_infnan)
    i.__mathlib_dbl_invalid                  0x080050b8   Section        0  dunder.o(i.__mathlib_dbl_invalid)
    i.__mathlib_dbl_underflow                0x080050d8   Section        0  dunder.o(i.__mathlib_dbl_underflow)
    i.__scatterload_copy                     0x080050f8   Section       14  handlers.o(i.__scatterload_copy)
    i.__scatterload_null                     0x08005106   Section        2  handlers.o(i.__scatterload_null)
    i.__scatterload_zeroinit                 0x08005108   Section       14  handlers.o(i.__scatterload_zeroinit)
    i.__set_errno                            0x08005118   Section        0  errno.o(i.__set_errno)
    i.cs43l22_DeInit                         0x08005124   Section        0  cs43l22.o(i.cs43l22_DeInit)
    i.cs43l22_Init                           0x0800512c   Section        0  cs43l22.o(i.cs43l22_Init)
    i.cs43l22_Pause                          0x08005230   Section        0  cs43l22.o(i.cs43l22_Pause)
    i.cs43l22_Play                           0x08005250   Section        0  cs43l22.o(i.cs43l22_Play)
    i.cs43l22_ReadID                         0x08005298   Section        0  cs43l22.o(i.cs43l22_ReadID)
    i.cs43l22_Reset                          0x080052b2   Section        0  cs43l22.o(i.cs43l22_Reset)
    i.cs43l22_Resume                         0x080052b8   Section        0  cs43l22.o(i.cs43l22_Resume)
    i.cs43l22_SetFrequency                   0x08005300   Section        0  cs43l22.o(i.cs43l22_SetFrequency)
    i.cs43l22_SetMute                        0x08005308   Section        0  cs43l22.o(i.cs43l22_SetMute)
    i.cs43l22_SetOutputMode                  0x08005368   Section        0  cs43l22.o(i.cs43l22_SetOutputMode)
    i.cs43l22_SetVolume                      0x080053f0   Section        0  cs43l22.o(i.cs43l22_SetVolume)
    i.cs43l22_Stop                           0x0800545c   Section        0  cs43l22.o(i.cs43l22_Stop)
    i.fabs                                   0x08005494   Section        0  fabs.o(i.fabs)
    i.main                                   0x080054ac   Section        0  main.o(i.main)
    i.setupADC1                              0x08005c7c   Section        0  main.o(i.setupADC1)
    i.setupADC2                              0x08005cdc   Section        0  main.o(i.setupADC2)
    i.setupGPIO                              0x08005d50   Section        0  main.o(i.setupGPIO)
    .constdata                               0x08005d78   Section        8  stm32f4xx_hal_dma.o(.constdata)
    flagBitshiftOffset                       0x08005d78   Data           8  stm32f4xx_hal_dma.o(.constdata)
    .constdata                               0x08005d80   Section       96  stm32f4_discovery_audio.o(.constdata)
    .constdata                               0x08005de0   Section       24  system_stm32f4xx.o(.constdata)
    .constdata                               0x08005df8   Section       48  cos_i.o(.constdata)
    C                                        0x08005df8   Data          48  cos_i.o(.constdata)
    .constdata                               0x08005e28   Section      200  rred.o(.constdata)
    pio2s                                    0x08005e28   Data          48  rred.o(.constdata)
    twooverpi                                0x08005e58   Data         152  rred.o(.constdata)
    .constdata                               0x08005ef0   Section       40  sin_i.o(.constdata)
    S                                        0x08005ef0   Data          40  sin_i.o(.constdata)
    .data                                    0x20000000   Section        9  stm32f4xx_hal.o(.data)
    .data                                    0x2000000c   Section       50  cs43l22.o(.data)
    Is_cs43l22_Stop                          0x2000003c   Data           1  cs43l22.o(.data)
    .data                                    0x20000040   Section       28  stm32f4_discovery.o(.data)
    .data                                    0x2000005c   Section        6  stm32f4_discovery_audio.o(.data)
    pAudioDrv                                0x2000005c   Data           4  stm32f4_discovery_audio.o(.data)
    .data                                    0x20000064   Section       16  main.o(.data)
    .data                                    0x20000074   Section        4  system_stm32f4xx.o(.data)
    .data                                    0x20000078   Section        4  errno.o(.data)
    _errno                                   0x20000078   Data           4  errno.o(.data)
    .bss                                     0x2000007c   Section      172  stm32f4_discovery.o(.bss)
    SpiHandle                                0x2000007c   Data          88  stm32f4_discovery.o(.bss)
    I2cHandle                                0x200000d4   Data          84  stm32f4_discovery.o(.bss)
    .bss                                     0x20000128   Section      404  stm32f4_discovery_audio.o(.bss)
    hdma_i2sTx                               0x2000025c   Data          96  stm32f4_discovery_audio.o(.bss)
    .bss                                     0x200002bc   Section    17292  main.o(.bss)
    STACK                                    0x20004648   Section     1024  startup_stm32f407xx.o(STACK)

    Global Symbols

    Symbol Name                              Value     Ov Type        Size  Object(Section)

    BuildAttributes$$THM_ISAv4$E$P$D$K$B$S$7EM$VFPi3$EXTD16$VFPS$VFMA$PE$A:L22UL41UL21$X:L11$S22US41US21$IEEE1$IW$USESV6$~STKCKD$USESV7$~SHL$OTIME$ROPI$IEEEX$EBA8$MICROLIB$REQ8$PRES8$EABIv2 0x00000000   Number         0  anon$$obj.o ABSOLUTE
    __ARM_use_no_argv                        0x00000000   Number         0  main.o ABSOLUTE
    __cpp_initialize__aeabi_                  - Undefined Weak Reference
    __cxa_finalize                            - Undefined Weak Reference
    __decompress                              - Undefined Weak Reference
    _clock_init                               - Undefined Weak Reference
    _microlib_exit                            - Undefined Weak Reference
    __Vectors_Size                           0x00000188   Number         0  startup_stm32f407xx.o ABSOLUTE
    __Vectors                                0x08000000   Data           4  startup_stm32f407xx.o(RESET)
    __Vectors_End                            0x08000188   Data           0  startup_stm32f407xx.o(RESET)
    __main                                   0x08000189   Thumb Code     0  entry.o(.ARM.Collect$$$$00000000)
    _main_stk                                0x08000189   Thumb Code     0  entry2.o(.ARM.Collect$$$$00000001)
    _main_scatterload                        0x0800018d   Thumb Code     0  entry5.o(.ARM.Collect$$$$00000004)
    __main_after_scatterload                 0x08000191   Thumb Code     0  entry5.o(.ARM.Collect$$$$00000004)
    _main_clock                              0x08000191   Thumb Code     0  entry7b.o(.ARM.Collect$$$$00000008)
    _main_cpp_init                           0x08000191   Thumb Code     0  entry8b.o(.ARM.Collect$$$$0000000A)
    _main_init                               0x08000191   Thumb Code     0  entry9a.o(.ARM.Collect$$$$0000000B)
    __rt_final_cpp                           0x08000199   Thumb Code     0  entry10a.o(.ARM.Collect$$$$0000000D)
    __rt_final_exit                          0x08000199   Thumb Code     0  entry11a.o(.ARM.Collect$$$$0000000F)
    Reset_Handler                            0x0800019d   Thumb Code     8  startup_stm32f407xx.o(.text)
    NMI_Handler                              0x080001a5   Thumb Code     2  startup_stm32f407xx.o(.text)
    HardFault_Handler                        0x080001a7   Thumb Code     2  startup_stm32f407xx.o(.text)
    MemManage_Handler                        0x080001a9   Thumb Code     2  startup_stm32f407xx.o(.text)
    BusFault_Handler                         0x080001ab   Thumb Code     2  startup_stm32f407xx.o(.text)
    UsageFault_Handler                       0x080001ad   Thumb Code     2  startup_stm32f407xx.o(.text)
    SVC_Handler                              0x080001af   Thumb Code     2  startup_stm32f407xx.o(.text)
    DebugMon_Handler                         0x080001b1   Thumb Code     2  startup_stm32f407xx.o(.text)
    PendSV_Handler                           0x080001b3   Thumb Code     2  startup_stm32f407xx.o(.text)
    ADC_IRQHandler                           0x080001b7   Thumb Code     0  startup_stm32f407xx.o(.text)
    CAN1_RX0_IRQHandler                      0x080001b7   Thumb Code     0  startup_stm32f407xx.o(.text)
    CAN1_RX1_IRQHandler                      0x080001b7   Thumb Code     0  startup_stm32f407xx.o(.text)
    CAN1_SCE_IRQHandler                      0x080001b7   Thumb Code     0  startup_stm32f407xx.o(.text)
    CAN1_TX_IRQHandler                       0x080001b7   Thumb Code     0  startup_stm32f407xx.o(.text)
    CAN2_RX0_IRQHandler                      0x080001b7   Thumb Code     0  startup_stm32f407xx.o(.text)
    CAN2_RX1_IRQHandler                      0x080001b7   Thumb Code     0  startup_stm32f407xx.o(.text)
    CAN2_SCE_IRQHandler                      0x080001b7   Thumb Code     0  startup_stm32f407xx.o(.text)
    CAN2_TX_IRQHandler                       0x080001b7   Thumb Code     0  startup_stm32f407xx.o(.text)
    DCMI_IRQHandler                          0x080001b7   Thumb Code     0  startup_stm32f407xx.o(.text)
    DMA1_Stream0_IRQHandler                  0x080001b7   Thumb Code     0  startup_stm32f407xx.o(.text)
    DMA1_Stream1_IRQHandler                  0x080001b7   Thumb Code     0  startup_stm32f407xx.o(.text)
    DMA1_Stream2_IRQHandler                  0x080001b7   Thumb Code     0  startup_stm32f407xx.o(.text)
    DMA1_Stream3_IRQHandler                  0x080001b7   Thumb Code     0  startup_stm32f407xx.o(.text)
    DMA1_Stream4_IRQHandler                  0x080001b7   Thumb Code     0  startup_stm32f407xx.o(.text)
    DMA1_Stream5_IRQHandler                  0x080001b7   Thumb Code     0  startup_stm32f407xx.o(.text)
    DMA1_Stream6_IRQHandler                  0x080001b7   Thumb Code     0  startup_stm32f407xx.o(.text)
    DMA2_Stream0_IRQHandler                  0x080001b7   Thumb Code     0  startup_stm32f407xx.o(.text)
    DMA2_Stream1_IRQHandler                  0x080001b7   Thumb Code     0  startup_stm32f407xx.o(.text)
    DMA2_Stream2_IRQHandler                  0x080001b7   Thumb Code     0  startup_stm32f407xx.o(.text)
    DMA2_Stream3_IRQHandler                  0x080001b7   Thumb Code     0  startup_stm32f407xx.o(.text)
    DMA2_Stream4_IRQHandler                  0x080001b7   Thumb Code     0  startup_stm32f407xx.o(.text)
    DMA2_Stream5_IRQHandler                  0x080001b7   Thumb Code     0  startup_stm32f407xx.o(.text)
    DMA2_Stream6_IRQHandler                  0x080001b7   Thumb Code     0  startup_stm32f407xx.o(.text)
    DMA2_Stream7_IRQHandler                  0x080001b7   Thumb Code     0  startup_stm32f407xx.o(.text)
    ETH_IRQHandler                           0x080001b7   Thumb Code     0  startup_stm32f407xx.o(.text)
    ETH_WKUP_IRQHandler                      0x080001b7   Thumb Code     0  startup_stm32f407xx.o(.text)
    EXTI0_IRQHandler                         0x080001b7   Thumb Code     0  startup_stm32f407xx.o(.text)
    EXTI15_10_IRQHandler                     0x080001b7   Thumb Code     0  startup_stm32f407xx.o(.text)
    EXTI1_IRQHandler                         0x080001b7   Thumb Code     0  startup_stm32f407xx.o(.text)
    EXTI2_IRQHandler                         0x080001b7   Thumb Code     0  startup_stm32f407xx.o(.text)
    EXTI3_IRQHandler                         0x080001b7   Thumb Code     0  startup_stm32f407xx.o(.text)
    EXTI4_IRQHandler                         0x080001b7   Thumb Code     0  startup_stm32f407xx.o(.text)
    EXTI9_5_IRQHandler                       0x080001b7   Thumb Code     0  startup_stm32f407xx.o(.text)
    FLASH_IRQHandler                         0x080001b7   Thumb Code     0  startup_stm32f407xx.o(.text)
    FMC_IRQHandler                           0x080001b7   Thumb Code     0  startup_stm32f407xx.o(.text)
    FPU_IRQHandler                           0x080001b7   Thumb Code     0  startup_stm32f407xx.o(.text)
    HASH_RNG_IRQHandler                      0x080001b7   Thumb Code     0  startup_stm32f407xx.o(.text)
    I2C1_ER_IRQHandler                       0x080001b7   Thumb Code     0  startup_stm32f407xx.o(.text)
    I2C1_EV_IRQHandler                       0x080001b7   Thumb Code     0  startup_stm32f407xx.o(.text)
    I2C2_ER_IRQHandler                       0x080001b7   Thumb Code     0  startup_stm32f407xx.o(.text)
    I2C2_EV_IRQHandler                       0x080001b7   Thumb Code     0  startup_stm32f407xx.o(.text)
    I2C3_ER_IRQHandler                       0x080001b7   Thumb Code     0  startup_stm32f407xx.o(.text)
    I2C3_EV_IRQHandler                       0x080001b7   Thumb Code     0  startup_stm32f407xx.o(.text)
    OTG_FS_WKUP_IRQHandler                   0x080001b7   Thumb Code     0  startup_stm32f407xx.o(.text)
    OTG_HS_EP1_IN_IRQHandler                 0x080001b7   Thumb Code     0  startup_stm32f407xx.o(.text)
    OTG_HS_EP1_OUT_IRQHandler                0x080001b7   Thumb Code     0  startup_stm32f407xx.o(.text)
    OTG_HS_IRQHandler                        0x080001b7   Thumb Code     0  startup_stm32f407xx.o(.text)
    OTG_HS_WKUP_IRQHandler                   0x080001b7   Thumb Code     0  startup_stm32f407xx.o(.text)
    PVD_IRQHandler                           0x080001b7   Thumb Code     0  startup_stm32f407xx.o(.text)
    RCC_IRQHandler                           0x080001b7   Thumb Code     0  startup_stm32f407xx.o(.text)
    RTC_Alarm_IRQHandler                     0x080001b7   Thumb Code     0  startup_stm32f407xx.o(.text)
    RTC_WKUP_IRQHandler                      0x080001b7   Thumb Code     0  startup_stm32f407xx.o(.text)
    SDIO_IRQHandler                          0x080001b7   Thumb Code     0  startup_stm32f407xx.o(.text)
    SPI1_IRQHandler                          0x080001b7   Thumb Code     0  startup_stm32f407xx.o(.text)
    SPI2_IRQHandler                          0x080001b7   Thumb Code     0  startup_stm32f407xx.o(.text)
    SPI3_IRQHandler                          0x080001b7   Thumb Code     0  startup_stm32f407xx.o(.text)
    TAMP_STAMP_IRQHandler                    0x080001b7   Thumb Code     0  startup_stm32f407xx.o(.text)
    TIM1_BRK_TIM9_IRQHandler                 0x080001b7   Thumb Code     0  startup_stm32f407xx.o(.text)
    TIM1_CC_IRQHandler                       0x080001b7   Thumb Code     0  startup_stm32f407xx.o(.text)
    TIM1_TRG_COM_TIM11_IRQHandler            0x080001b7   Thumb Code     0  startup_stm32f407xx.o(.text)
    TIM1_UP_TIM10_IRQHandler                 0x080001b7   Thumb Code     0  startup_stm32f407xx.o(.text)
    TIM2_IRQHandler                          0x080001b7   Thumb Code     0  startup_stm32f407xx.o(.text)
    TIM3_IRQHandler                          0x080001b7   Thumb Code     0  startup_stm32f407xx.o(.text)
    TIM4_IRQHandler                          0x080001b7   Thumb Code     0  startup_stm32f407xx.o(.text)
    TIM5_IRQHandler                          0x080001b7   Thumb Code     0  startup_stm32f407xx.o(.text)
    TIM6_DAC_IRQHandler                      0x080001b7   Thumb Code     0  startup_stm32f407xx.o(.text)
    TIM7_IRQHandler                          0x080001b7   Thumb Code     0  startup_stm32f407xx.o(.text)
    TIM8_BRK_TIM12_IRQHandler                0x080001b7   Thumb Code     0  startup_stm32f407xx.o(.text)
    TIM8_CC_IRQHandler                       0x080001b7   Thumb Code     0  startup_stm32f407xx.o(.text)
    TIM8_TRG_COM_TIM14_IRQHandler            0x080001b7   Thumb Code     0  startup_stm32f407xx.o(.text)
    TIM8_UP_TIM13_IRQHandler                 0x080001b7   Thumb Code     0  startup_stm32f407xx.o(.text)
    UART4_IRQHandler                         0x080001b7   Thumb Code     0  startup_stm32f407xx.o(.text)
    UART5_IRQHandler                         0x080001b7   Thumb Code     0  startup_stm32f407xx.o(.text)
    USART1_IRQHandler                        0x080001b7   Thumb Code     0  startup_stm32f407xx.o(.text)
    USART2_IRQHandler                        0x080001b7   Thumb Code     0  startup_stm32f407xx.o(.text)
    USART3_IRQHandler                        0x080001b7   Thumb Code     0  startup_stm32f407xx.o(.text)
    USART6_IRQHandler                        0x080001b7   Thumb Code     0  startup_stm32f407xx.o(.text)
    WWDG_IRQHandler                          0x080001b7   Thumb Code     0  startup_stm32f407xx.o(.text)
    __aeabi_uldivmod                         0x080001c1   Thumb Code    98  uldiv.o(.text)
    __aeabi_dmul                             0x08000223   Thumb Code   228  dmul.o(.text)
    __aeabi_ddiv                             0x08000307   Thumb Code   222  ddiv.o(.text)
    __aeabi_i2d                              0x080003e5   Thumb Code    34  dflti.o(.text)
    __aeabi_d2f                              0x08000407   Thumb Code    56  d2f.o(.text)
    __aeabi_llsl                             0x0800043f   Thumb Code    30  llshl.o(.text)
    _ll_shift_l                              0x0800043f   Thumb Code     0  llshl.o(.text)
    __aeabi_llsr                             0x0800045d   Thumb Code    32  llushr.o(.text)
    _ll_ushift_r                             0x0800045d   Thumb Code     0  llushr.o(.text)
    __I$use$fp                               0x0800047d   Thumb Code     0  iusefp.o(.text)
    _float_round                             0x0800047d   Thumb Code    18  fepilogue.o(.text)
    _float_epilogue                          0x0800048f   Thumb Code    92  fepilogue.o(.text)
    _double_round                            0x080004eb   Thumb Code    30  depilogue.o(.text)
    _double_epilogue                         0x08000509   Thumb Code   156  depilogue.o(.text)
    __scatterload                            0x080005a5   Thumb Code    28  init.o(.text)
    __scatterload_rt2                        0x080005a5   Thumb Code     0  init.o(.text)
    __aeabi_dadd                             0x080005c9   Thumb Code   322  dadd.o(.text)
    __aeabi_dsub                             0x0800070b   Thumb Code     6  dadd.o(.text)
    __aeabi_drsub                            0x08000711   Thumb Code     6  dadd.o(.text)
    __aeabi_ui2d                             0x08000717   Thumb Code    26  dfltui.o(.text)
    __aeabi_d2iz                             0x08000731   Thumb Code    62  dfixi.o(.text)
    __aeabi_lasr                             0x0800076f   Thumb Code    36  llsshr.o(.text)
    _ll_sshift_r                             0x0800076f   Thumb Code     0  llsshr.o(.text)
    AUDIO_IO_DeInit                          0x08000793   Thumb Code     2  stm32f4_discovery.o(i.AUDIO_IO_DeInit)
    AUDIO_IO_Init                            0x08000795   Thumb Code   100  stm32f4_discovery.o(i.AUDIO_IO_Init)
    AUDIO_IO_Read                            0x08000801   Thumb Code    16  stm32f4_discovery.o(i.AUDIO_IO_Read)
    AUDIO_IO_Write                           0x08000811   Thumb Code    20  stm32f4_discovery.o(i.AUDIO_IO_Write)
    BSP_AUDIO_OUT_ChangeBuffer               0x08000825   Thumb Code    18  stm32f4_discovery_audio.o(i.BSP_AUDIO_OUT_ChangeBuffer)
    BSP_AUDIO_OUT_ClockConfig                0x0800083d   Thumb Code   102  stm32f4_discovery_audio.o(i.BSP_AUDIO_OUT_ClockConfig)
    BSP_AUDIO_OUT_Error_CallBack             0x080008b1   Thumb Code     2  stm32f4_discovery_audio.o(i.BSP_AUDIO_OUT_Error_CallBack)
    BSP_AUDIO_OUT_HalfTransfer_CallBack      0x080008b5   Thumb Code    16  main.o(i.BSP_AUDIO_OUT_HalfTransfer_CallBack)
    BSP_AUDIO_OUT_Init                       0x080008cd   Thumb Code   108  stm32f4_discovery_audio.o(i.BSP_AUDIO_OUT_Init)
    BSP_AUDIO_OUT_MspInit                    0x08000949   Thumb Code   340  stm32f4_discovery_audio.o(i.BSP_AUDIO_OUT_MspInit)
    BSP_AUDIO_OUT_Play                       0x08000ab5   Thumb Code    58  stm32f4_discovery_audio.o(i.BSP_AUDIO_OUT_Play)
    BSP_AUDIO_OUT_TransferComplete_CallBack  0x08000af9   Thumb Code    28  main.o(i.BSP_AUDIO_OUT_TransferComplete_CallBack)
    DMA1_Stream7_IRQHandler                  0x08000b3d   Thumb Code    12  stm32f4xx_it.o(i.DMA1_Stream7_IRQHandler)
    HAL_DMA_DeInit                           0x08000c57   Thumb Code    98  stm32f4xx_hal_dma.o(i.HAL_DMA_DeInit)
    HAL_DMA_IRQHandler                       0x08000cb9   Thumb Code   570  stm32f4xx_hal_dma.o(i.HAL_DMA_IRQHandler)
    HAL_DMA_Init                             0x08000ef9   Thumb Code   232  stm32f4xx_hal_dma.o(i.HAL_DMA_Init)
    HAL_DMA_Start_IT                         0x08000fe5   Thumb Code   158  stm32f4xx_hal_dma.o(i.HAL_DMA_Start_IT)
    HAL_Delay                                0x08001085   Thumb Code    36  stm32f4xx_hal.o(i.HAL_Delay)
    HAL_GPIO_DeInit                          0x080010ad   Thumb Code   316  stm32f4xx_hal_gpio.o(i.HAL_GPIO_DeInit)
    HAL_GPIO_Init                            0x08001211   Thumb Code   466  stm32f4xx_hal_gpio.o(i.HAL_GPIO_Init)
    HAL_GPIO_WritePin                        0x08001411   Thumb Code    12  stm32f4xx_hal_gpio.o(i.HAL_GPIO_WritePin)
    HAL_GetTick                              0x0800141d   Thumb Code     6  stm32f4xx_hal.o(i.HAL_GetTick)
    HAL_HCD_Connect_Callback                 0x08001429   Thumb Code     2  stm32f4xx_hal_hcd.o(i.HAL_HCD_Connect_Callback)
    HAL_HCD_Disconnect_Callback              0x0800142b   Thumb Code     2  stm32f4xx_hal_hcd.o(i.HAL_HCD_Disconnect_Callback)
    HAL_HCD_HC_NotifyURBChange_Callback      0x0800142d   Thumb Code     2  stm32f4xx_hal_hcd.o(i.HAL_HCD_HC_NotifyURBChange_Callback)
    HAL_HCD_IRQHandler                       0x0800142f   Thumb Code   358  stm32f4xx_hal_hcd.o(i.HAL_HCD_IRQHandler)
    HAL_HCD_SOF_Callback                     0x08001595   Thumb Code     2  stm32f4xx_hal_hcd.o(i.HAL_HCD_SOF_Callback)
    HAL_I2C_DeInit                           0x08001597   Thumb Code    60  stm32f4xx_hal_i2c.o(i.HAL_I2C_DeInit)
    HAL_I2C_GetState                         0x080015d3   Thumb Code     8  stm32f4xx_hal_i2c.o(i.HAL_I2C_GetState)
    HAL_I2C_Init                             0x080015dd   Thumb Code   286  stm32f4xx_hal_i2c.o(i.HAL_I2C_Init)
    HAL_I2C_Mem_Read                         0x08001705   Thumb Code   796  stm32f4xx_hal_i2c.o(i.HAL_I2C_Mem_Read)
    HAL_I2C_Mem_Write                        0x08001a2d   Thumb Code   384  stm32f4xx_hal_i2c.o(i.HAL_I2C_Mem_Write)
    HAL_I2C_MspDeInit                        0x08001bb5   Thumb Code    36  stm32f4xx_hal_msp.o(i.HAL_I2C_MspDeInit)
    HAL_I2C_MspInit                          0x08001be5   Thumb Code    80  stm32f4xx_hal_msp.o(i.HAL_I2C_MspInit)
    HAL_I2SEx_FullDuplex_IRQHandler          0x08001c41   Thumb Code   642  stm32f4xx_hal_i2s_ex.o(i.HAL_I2SEx_FullDuplex_IRQHandler)
    HAL_I2SEx_TxRxCpltCallback               0x08001ecd   Thumb Code     2  stm32f4xx_hal_i2s_ex.o(i.HAL_I2SEx_TxRxCpltCallback)
    HAL_I2S_ErrorCallback                    0x08001ed1   Thumb Code    18  stm32f4_discovery_audio.o(i.HAL_I2S_ErrorCallback)
    HAL_I2S_GetState                         0x08001ee9   Thumb Code     8  stm32f4xx_hal_i2s.o(i.HAL_I2S_GetState)
    HAL_I2S_Init                             0x08001ef1   Thumb Code   436  stm32f4xx_hal_i2s.o(i.HAL_I2S_Init)
    HAL_I2S_MspInit                          0x080020b5   Thumb Code   104  stm32f4xx_hal_msp.o(i.HAL_I2S_MspInit)
    HAL_I2S_RxCpltCallback                   0x0800212d   Thumb Code     2  stm32f4xx_hal_i2s.o(i.HAL_I2S_RxCpltCallback)
    HAL_I2S_Transmit_DMA                     0x08002131   Thumb Code   210  stm32f4xx_hal_i2s.o(i.HAL_I2S_Transmit_DMA)
    HAL_I2S_TxCpltCallback                   0x08002211   Thumb Code    18  stm32f4_discovery_audio.o(i.HAL_I2S_TxCpltCallback)
    HAL_I2S_TxHalfCpltCallback               0x08002229   Thumb Code    18  stm32f4_discovery_audio.o(i.HAL_I2S_TxHalfCpltCallback)
    HAL_IncTick                              0x08002241   Thumb Code    16  stm32f4xx_hal.o(i.HAL_IncTick)
    HAL_Init                                 0x08002259   Thumb Code    54  stm32f4xx_hal.o(i.HAL_Init)
    HAL_InitTick                             0x08002295   Thumb Code    64  stm32f4xx_hal.o(i.HAL_InitTick)
    HAL_MspInit                              0x080022e1   Thumb Code    86  stm32f4xx_hal_msp.o(i.HAL_MspInit)
    HAL_NVIC_EnableIRQ                       0x08002337   Thumb Code    26  stm32f4xx_hal_cortex.o(i.HAL_NVIC_EnableIRQ)
    HAL_NVIC_SetPriority                     0x08002351   Thumb Code   124  stm32f4xx_hal_cortex.o(i.HAL_NVIC_SetPriority)
    HAL_NVIC_SetPriorityGrouping             0x080023cd   Thumb Code    32  stm32f4xx_hal_cortex.o(i.HAL_NVIC_SetPriorityGrouping)
    HAL_RCCEx_GetPeriphCLKConfig             0x080023f5   Thumb Code    50  stm32f4xx_hal_rcc_ex.o(i.HAL_RCCEx_GetPeriphCLKConfig)
    HAL_RCCEx_GetPeriphCLKFreq               0x0800242d   Thumb Code   126  stm32f4xx_hal_rcc_ex.o(i.HAL_RCCEx_GetPeriphCLKFreq)
    HAL_RCCEx_PeriphCLKConfig                0x080024bd   Thumb Code   396  stm32f4xx_hal_rcc_ex.o(i.HAL_RCCEx_PeriphCLKConfig)
    HAL_RCC_ClockConfig                      0x0800265d   Thumb Code   366  stm32f4xx_hal_rcc.o(i.HAL_RCC_ClockConfig)
    HAL_RCC_GetHCLKFreq                      0x080027dd   Thumb Code     6  stm32f4xx_hal_rcc.o(i.HAL_RCC_GetHCLKFreq)
    HAL_RCC_GetPCLK1Freq                     0x080027e9   Thumb Code    22  stm32f4xx_hal_rcc.o(i.HAL_RCC_GetPCLK1Freq)
    HAL_RCC_GetSysClockFreq                  0x08002809   Thumb Code   162  stm32f4xx_hal_rcc.o(i.HAL_RCC_GetSysClockFreq)
    HAL_RCC_OscConfig                        0x080028b9   Thumb Code  1086  stm32f4xx_hal_rcc.o(i.HAL_RCC_OscConfig)
    HAL_SYSTICK_CLKSourceConfig              0x08002d01   Thumb Code    40  stm32f4xx_hal_cortex.o(i.HAL_SYSTICK_CLKSourceConfig)
    HAL_SYSTICK_Callback                     0x08002d29   Thumb Code     2  stm32f4xx_hal_cortex.o(i.HAL_SYSTICK_Callback)
    HAL_SYSTICK_Config                       0x08002d2b   Thumb Code    52  stm32f4xx_hal_cortex.o(i.HAL_SYSTICK_Config)
    HAL_SYSTICK_IRQHandler                   0x08002d5f   Thumb Code     8  stm32f4xx_hal_cortex.o(i.HAL_SYSTICK_IRQHandler)
    OTG_FS_IRQHandler                        0x08004485   Thumb Code    10  stm32f4xx_it.o(i.OTG_FS_IRQHandler)
    SysTick_Handler                          0x08004495   Thumb Code    12  stm32f4xx_it.o(i.SysTick_Handler)
    SystemClock_Config                       0x080044a1   Thumb Code   232  main.o(i.SystemClock_Config)
    SystemInit                               0x080045a1   Thumb Code    82  system_stm32f4xx.o(i.SystemInit)
    USB_GetMode                              0x08004605   Thumb Code    10  stm32f4xx_ll_usb.o(i.USB_GetMode)
    USB_HC_Halt                              0x0800460f   Thumb Code   328  stm32f4xx_ll_usb.o(i.USB_HC_Halt)
    USB_HC_ReadInterrupt                     0x08004757   Thumb Code    12  stm32f4xx_ll_usb.o(i.USB_HC_ReadInterrupt)
    USB_InitFSLSPClkSel                      0x08004763   Thumb Code    62  stm32f4xx_ll_usb.o(i.USB_InitFSLSPClkSel)
    USB_ReadInterrupts                       0x080047a1   Thumb Code    12  stm32f4xx_ll_usb.o(i.USB_ReadInterrupts)
    USB_ReadPacket                           0x080047ad   Thumb Code    34  stm32f4xx_ll_usb.o(i.USB_ReadPacket)
    _Error_Handler                           0x080047cf   Thumb Code     4  main.o(i._Error_Handler)
    __ARM_fpclassify                         0x080047d3   Thumb Code    48  fpclassify.o(i.__ARM_fpclassify)
    __hardfp_sin                             0x08004809   Thumb Code   180  sin.o(i.__hardfp_sin)
    __ieee754_rem_pio2                       0x080048d1   Thumb Code   938  rred.o(i.__ieee754_rem_pio2)
    __kernel_cos                             0x08004d09   Thumb Code   322  cos_i.o(i.__kernel_cos)
    __kernel_poly                            0x08004e79   Thumb Code   248  poly.o(i.__kernel_poly)
    __kernel_sin                             0x08004f71   Thumb Code   280  sin_i.o(i.__kernel_sin)
    __mathlib_dbl_infnan                     0x080050a1   Thumb Code    20  dunder.o(i.__mathlib_dbl_infnan)
    __mathlib_dbl_invalid                    0x080050b9   Thumb Code    24  dunder.o(i.__mathlib_dbl_invalid)
    __mathlib_dbl_underflow                  0x080050d9   Thumb Code    24  dunder.o(i.__mathlib_dbl_underflow)
    __scatterload_copy                       0x080050f9   Thumb Code    14  handlers.o(i.__scatterload_copy)
    __scatterload_null                       0x08005107   Thumb Code     2  handlers.o(i.__scatterload_null)
    __scatterload_zeroinit                   0x08005109   Thumb Code    14  handlers.o(i.__scatterload_zeroinit)
    __set_errno                              0x08005119   Thumb Code     6  errno.o(i.__set_errno)
    cs43l22_DeInit                           0x08005125   Thumb Code     8  cs43l22.o(i.cs43l22_DeInit)
    cs43l22_Init                             0x0800512d   Thumb Code   256  cs43l22.o(i.cs43l22_Init)
    cs43l22_Pause                            0x08005231   Thumb Code    32  cs43l22.o(i.cs43l22_Pause)
    cs43l22_Play                             0x08005251   Thumb Code    66  cs43l22.o(i.cs43l22_Play)
    cs43l22_ReadID                           0x08005299   Thumb Code    26  cs43l22.o(i.cs43l22_ReadID)
    cs43l22_Reset                            0x080052b3   Thumb Code     6  cs43l22.o(i.cs43l22_Reset)
    cs43l22_Resume                           0x080052b9   Thumb Code    68  cs43l22.o(i.cs43l22_Resume)
    cs43l22_SetFrequency                     0x08005301   Thumb Code     6  cs43l22.o(i.cs43l22_SetFrequency)
    cs43l22_SetMute                          0x08005309   Thumb Code    92  cs43l22.o(i.cs43l22_SetMute)
    cs43l22_SetOutputMode                    0x08005369   Thumb Code   132  cs43l22.o(i.cs43l22_SetOutputMode)
    cs43l22_SetVolume                        0x080053f1   Thumb Code   108  cs43l22.o(i.cs43l22_SetVolume)
    cs43l22_Stop                             0x0800545d   Thumb Code    52  cs43l22.o(i.cs43l22_Stop)
    fabs                                     0x08005495   Thumb Code    24  fabs.o(i.fabs)
    main                                     0x080054ad   Thumb Code  1954  main.o(i.main)
    setupADC1                                0x08005c7d   Thumb Code    84  main.o(i.setupADC1)
    setupADC2                                0x08005cdd   Thumb Code    98  main.o(i.setupADC2)
    setupGPIO                                0x08005d51   Thumb Code    26  main.o(i.setupGPIO)
    I2SFreq                                  0x08005d80   Data          32  stm32f4_discovery_audio.o(.constdata)
    I2SPLLN                                  0x08005da0   Data          32  stm32f4_discovery_audio.o(.constdata)
    I2SPLLR                                  0x08005dc0   Data          32  stm32f4_discovery_audio.o(.constdata)
    AHBPrescTable                            0x08005de0   Data          16  system_stm32f4xx.o(.constdata)
    APBPrescTable                            0x08005df0   Data           8  system_stm32f4xx.o(.constdata)
    Region$$Table$$Base                      0x08005f18   Number         0  anon$$obj.o(Region$$Table)
    Region$$Table$$Limit                     0x08005f38   Number         0  anon$$obj.o(Region$$Table)
    uwTick                                   0x20000000   Data           4  stm32f4xx_hal.o(.data)
    uwTickPrio                               0x20000004   Data           4  stm32f4xx_hal.o(.data)
    uwTickFreq                               0x20000008   Data           1  stm32f4xx_hal.o(.data)
    cs43l22_drv                              0x2000000c   Data          48  cs43l22.o(.data)
    OutputDev                                0x2000003d   Data           1  cs43l22.o(.data)
    GPIO_PORT                                0x20000040   Data          16  stm32f4_discovery.o(.data)
    BUTTON_PORT                              0x20000050   Data           4  stm32f4_discovery.o(.data)
    I2cxTimeout                              0x20000054   Data           4  stm32f4_discovery.o(.data)
    SpixTimeout                              0x20000058   Data           4  stm32f4_discovery.o(.data)
    AudioInVolume                            0x20000060   Data           2  stm32f4_discovery_audio.o(.data)
    ADC1conv                                 0x20000064   Data           4  main.o(.data)
    ADC2conv                                 0x20000068   Data           4  main.o(.data)
    nextSample                               0x2000006c   Data           4  main.o(.data)
    buffer_offset                            0x20000070   Data           2  main.o(.data)
    noteStatus                               0x20000072   Data           1  main.o(.data)
    bufferStatus                             0x20000073   Data           1  main.o(.data)
    SystemCoreClock                          0x20000074   Data           4  system_stm32f4xx.o(.data)
    hAudioOutI2s                             0x20000128   Data          72  stm32f4_discovery_audio.o(.bss)
    hAudioInI2s                              0x20000170   Data          72  stm32f4_discovery_audio.o(.bss)
    PDM_FilterHandler                        0x200001b8   Data         152  stm32f4_discovery_audio.o(.bss)
    PDM_FilterConfig                         0x20000250   Data          12  stm32f4_discovery_audio.o(.bss)
    hi2c1                                    0x200002bc   Data          84  main.o(.bss)
    hi2s3                                    0x20000310   Data          72  main.o(.bss)
    hspi1                                    0x20000358   Data          88  main.o(.bss)
    hhcd_USB_OTG_FS                          0x200003b0   Data         664  main.o(.bss)
    PlayBuff                                 0x20000648   Data        8192  main.o(.bss)
    SineBuff                                 0x20002648   Data        8192  main.o(.bss)
    __initial_sp                             0x20004a48   Data           0  startup_stm32f407xx.o(STACK)



==============================================================================

Memory Map of the image

  Image Entry point : 0x08000189

  Load Region LR_IROM1 (Base: 0x08000000, Size: 0x00005fb4, Max: 0x00100000, ABSOLUTE)

    Execution Region ER_IROM1 (Base: 0x08000000, Size: 0x00005f38, Max: 0x00100000, ABSOLUTE)

    Base Addr    Size         Type   Attr      Idx    E Section Name        Object

    0x08000000   0x00000188   Data   RO            3    RESET               startup_stm32f407xx.o
    0x08000188   0x00000000   Code   RO         3692  * .ARM.Collect$$$$00000000  mc_w.l(entry.o)
    0x08000188   0x00000004   Code   RO         3737    .ARM.Collect$$$$00000001  mc_w.l(entry2.o)
    0x0800018c   0x00000004   Code   RO         3740    .ARM.Collect$$$$00000004  mc_w.l(entry5.o)
    0x08000190   0x00000000   Code   RO         3742    .ARM.Collect$$$$00000008  mc_w.l(entry7b.o)
    0x08000190   0x00000000   Code   RO         3744    .ARM.Collect$$$$0000000A  mc_w.l(entry8b.o)
    0x08000190   0x00000008   Code   RO         3745    .ARM.Collect$$$$0000000B  mc_w.l(entry9a.o)
    0x08000198   0x00000000   Code   RO         3747    .ARM.Collect$$$$0000000D  mc_w.l(entry10a.o)
    0x08000198   0x00000000   Code   RO         3749    .ARM.Collect$$$$0000000F  mc_w.l(entry11a.o)
    0x08000198   0x00000004   Code   RO         3738    .ARM.Collect$$$$00002712  mc_w.l(entry2.o)
    0x0800019c   0x00000024   Code   RO            4    .text               startup_stm32f407xx.o
    0x080001c0   0x00000062   Code   RO         3695    .text               mc_w.l(uldiv.o)
    0x08000222   0x000000e4   Code   RO         3701    .text               mf_w.l(dmul.o)
    0x08000306   0x000000de   Code   RO         3703    .text               mf_w.l(ddiv.o)
    0x080003e4   0x00000022   Code   RO         3705    .text               mf_w.l(dflti.o)
    0x08000406   0x00000038   Code   RO         3707    .text               mf_w.l(d2f.o)
    0x0800043e   0x0000001e   Code   RO         3751    .text               mc_w.l(llshl.o)
    0x0800045c   0x00000020   Code   RO         3753    .text               mc_w.l(llushr.o)
    0x0800047c   0x00000000   Code   RO         3762    .text               mc_w.l(iusefp.o)
    0x0800047c   0x0000006e   Code   RO         3763    .text               mf_w.l(fepilogue.o)
    0x080004ea   0x000000ba   Code   RO         3765    .text               mf_w.l(depilogue.o)
    0x080005a4   0x00000024   Code   RO         3779    .text               mc_w.l(init.o)
    0x080005c8   0x0000014e   Code   RO         3781    .text               mf_w.l(dadd.o)
    0x08000716   0x0000001a   Code   RO         3783    .text               mf_w.l(dfltui.o)
    0x08000730   0x0000003e   Code   RO         3785    .text               mf_w.l(dfixi.o)
    0x0800076e   0x00000024   Code   RO         3787    .text               mc_w.l(llsshr.o)
    0x08000792   0x00000002   Code   RO         2839    i.AUDIO_IO_DeInit   stm32f4_discovery.o
    0x08000794   0x0000006c   Code   RO         2840    i.AUDIO_IO_Init     stm32f4_discovery.o
    0x08000800   0x00000010   Code   RO         2841    i.AUDIO_IO_Read     stm32f4_discovery.o
    0x08000810   0x00000014   Code   RO         2842    i.AUDIO_IO_Write    stm32f4_discovery.o
    0x08000824   0x00000018   Code   RO         2996    i.BSP_AUDIO_OUT_ChangeBuffer  stm32f4_discovery_audio.o
    0x0800083c   0x00000074   Code   RO         2997    i.BSP_AUDIO_OUT_ClockConfig  stm32f4_discovery_audio.o
    0x080008b0   0x00000002   Code   RO         2998    i.BSP_AUDIO_OUT_Error_CallBack  stm32f4_discovery_audio.o
    0x080008b2   0x00000002   PAD
    0x080008b4   0x00000018   Code   RO         3228    i.BSP_AUDIO_OUT_HalfTransfer_CallBack  main.o
    0x080008cc   0x0000007c   Code   RO         3000    i.BSP_AUDIO_OUT_Init  stm32f4_discovery_audio.o
    0x08000948   0x0000016c   Code   RO         3002    i.BSP_AUDIO_OUT_MspInit  stm32f4_discovery_audio.o
    0x08000ab4   0x00000044   Code   RO         3004    i.BSP_AUDIO_OUT_Play  stm32f4_discovery_audio.o
    0x08000af8   0x00000028   Code   RO         3229    i.BSP_AUDIO_OUT_TransferComplete_CallBack  main.o
    0x08000b20   0x0000001c   Code   RO         2740    i.CODEC_IO_Write    cs43l22.o
    0x08000b3c   0x00000010   Code   RO         3327    i.DMA1_Stream7_IRQHandler  stm32f4xx_it.o
    0x08000b4c   0x00000034   Code   RO          221    i.DMA_CalcBaseAndBitshift  stm32f4xx_hal_dma.o
    0x08000b80   0x000000aa   Code   RO          222    i.DMA_CheckFifoParam  stm32f4xx_hal_dma.o
    0x08000c2a   0x0000002c   Code   RO          223    i.DMA_SetConfig     stm32f4xx_hal_dma.o
    0x08000c56   0x00000062   Code   RO          226    i.HAL_DMA_DeInit    stm32f4xx_hal_dma.o
    0x08000cb8   0x00000240   Code   RO          229    i.HAL_DMA_IRQHandler  stm32f4xx_hal_dma.o
    0x08000ef8   0x000000ec   Code   RO          230    i.HAL_DMA_Init      stm32f4xx_hal_dma.o
    0x08000fe4   0x0000009e   Code   RO          234    i.HAL_DMA_Start_IT  stm32f4xx_hal_dma.o
    0x08001082   0x00000002   PAD
    0x08001084   0x00000028   Code   RO         2295    i.HAL_Delay         stm32f4xx_hal.o
    0x080010ac   0x00000164   Code   RO         1586    i.HAL_GPIO_DeInit   stm32f4xx_hal_gpio.o
    0x08001210   0x00000200   Code   RO         1589    i.HAL_GPIO_Init     stm32f4xx_hal_gpio.o
    0x08001410   0x0000000c   Code   RO         1593    i.HAL_GPIO_WritePin  stm32f4xx_hal_gpio.o
    0x0800141c   0x0000000c   Code   RO         2301    i.HAL_GetTick       stm32f4xx_hal.o
    0x08001428   0x00000002   Code   RO         2459    i.HAL_HCD_Connect_Callback  stm32f4xx_hal_hcd.o
    0x0800142a   0x00000002   Code   RO         2461    i.HAL_HCD_Disconnect_Callback  stm32f4xx_hal_hcd.o
    0x0800142c   0x00000002   Code   RO         2470    i.HAL_HCD_HC_NotifyURBChange_Callback  stm32f4xx_hal_hcd.o
    0x0800142e   0x00000166   Code   RO         2472    i.HAL_HCD_IRQHandler  stm32f4xx_hal_hcd.o
    0x08001594   0x00000002   Code   RO         2477    i.HAL_HCD_SOF_Callback  stm32f4xx_hal_hcd.o
    0x08001596   0x0000003c   Code   RO          867    i.HAL_I2C_DeInit    stm32f4xx_hal_i2c.o
    0x080015d2   0x00000008   Code   RO          875    i.HAL_I2C_GetState  stm32f4xx_hal_i2c.o
    0x080015da   0x00000002   PAD
    0x080015dc   0x00000128   Code   RO          876    i.HAL_I2C_Init      stm32f4xx_hal_i2c.o
    0x08001704   0x00000328   Code   RO          892    i.HAL_I2C_Mem_Read  stm32f4xx_hal_i2c.o
    0x08001a2c   0x00000188   Code   RO          895    i.HAL_I2C_Mem_Write  stm32f4xx_hal_i2c.o
    0x08001bb4   0x00000030   Code   RO         3158    i.HAL_I2C_MspDeInit  stm32f4xx_hal_msp.o
    0x08001be4   0x0000005c   Code   RO         3159    i.HAL_I2C_MspInit   stm32f4xx_hal_msp.o
    0x08001c40   0x0000028c   Code   RO          137    i.HAL_I2SEx_FullDuplex_IRQHandler  stm32f4xx_hal_i2s_ex.o
    0x08001ecc   0x00000002   Code   RO          141    i.HAL_I2SEx_TxRxCpltCallback  stm32f4xx_hal_i2s_ex.o
    0x08001ece   0x00000002   PAD
    0x08001ed0   0x00000018   Code   RO         3012    i.HAL_I2S_ErrorCallback  stm32f4_discovery_audio.o
    0x08001ee8   0x00000008   Code   RO          610    i.HAL_I2S_GetState  stm32f4xx_hal_i2s.o
    0x08001ef0   0x000001c4   Code   RO          612    i.HAL_I2S_Init      stm32f4xx_hal_i2s.o
    0x080020b4   0x00000078   Code   RO         3161    i.HAL_I2S_MspInit   stm32f4xx_hal_msp.o
    0x0800212c   0x00000002   Code   RO          618    i.HAL_I2S_RxCpltCallback  stm32f4xx_hal_i2s.o
    0x0800212e   0x00000002   PAD
    0x08002130   0x000000e0   Code   RO          621    i.HAL_I2S_Transmit_DMA  stm32f4xx_hal_i2s.o
    0x08002210   0x00000018   Code   RO         3013    i.HAL_I2S_TxCpltCallback  stm32f4_discovery_audio.o
    0x08002228   0x00000018   Code   RO         3014    i.HAL_I2S_TxHalfCpltCallback  stm32f4_discovery_audio.o
    0x08002240   0x00000018   Code   RO         2305    i.HAL_IncTick       stm32f4xx_hal.o
    0x08002258   0x0000003c   Code   RO         2306    i.HAL_Init          stm32f4xx_hal.o
    0x08002294   0x0000004c   Code   RO         2307    i.HAL_InitTick      stm32f4xx_hal.o
    0x080022e0   0x00000056   Code   RO         3162    i.HAL_MspInit       stm32f4xx_hal_msp.o
    0x08002336   0x0000001a   Code   RO         2094    i.HAL_NVIC_EnableIRQ  stm32f4xx_hal_cortex.o
    0x08002350   0x0000007c   Code   RO         2100    i.HAL_NVIC_SetPriority  stm32f4xx_hal_cortex.o
    0x080023cc   0x00000028   Code   RO         2101    i.HAL_NVIC_SetPriorityGrouping  stm32f4xx_hal_cortex.o
    0x080023f4   0x00000038   Code   RO          329    i.HAL_RCCEx_GetPeriphCLKConfig  stm32f4xx_hal_rcc_ex.o
    0x0800242c   0x00000090   Code   RO          330    i.HAL_RCCEx_GetPeriphCLKFreq  stm32f4xx_hal_rcc_ex.o
    0x080024bc   0x000001a0   Code   RO          331    i.HAL_RCCEx_PeriphCLKConfig  stm32f4xx_hal_rcc_ex.o
    0x0800265c   0x00000180   Code   RO         1671    i.HAL_RCC_ClockConfig  stm32f4xx_hal_rcc.o
    0x080027dc   0x0000000c   Code   RO         1676    i.HAL_RCC_GetHCLKFreq  stm32f4xx_hal_rcc.o
    0x080027e8   0x00000020   Code   RO         1678    i.HAL_RCC_GetPCLK1Freq  stm32f4xx_hal_rcc.o
    0x08002808   0x000000b0   Code   RO         1680    i.HAL_RCC_GetSysClockFreq  stm32f4xx_hal_rcc.o
    0x080028b8   0x00000448   Code   RO         1683    i.HAL_RCC_OscConfig  stm32f4xx_hal_rcc.o
    0x08002d00   0x00000028   Code   RO         2103    i.HAL_SYSTICK_CLKSourceConfig  stm32f4xx_hal_cortex.o
    0x08002d28   0x00000002   Code   RO         2104    i.HAL_SYSTICK_Callback  stm32f4xx_hal_cortex.o
    0x08002d2a   0x00000034   Code   RO         2105    i.HAL_SYSTICK_Config  stm32f4xx_hal_cortex.o
    0x08002d5e   0x00000008   Code   RO         2106    i.HAL_SYSTICK_IRQHandler  stm32f4xx_hal_cortex.o
    0x08002d66   0x000004f2   Code   RO         2480    i.HCD_HC_IN_IRQHandler  stm32f4xx_hal_hcd.o
    0x08003258   0x000004d0   Code   RO         2481    i.HCD_HC_OUT_IRQHandler  stm32f4xx_hal_hcd.o
    0x08003728   0x000000d2   Code   RO         2482    i.HCD_Port_IRQHandler  stm32f4xx_hal_hcd.o
    0x080037fa   0x00000002   PAD
    0x080037fc   0x00000108   Code   RO         2483    i.HCD_RXQLVL_IRQHandler  stm32f4xx_hal_hcd.o
    0x08003904   0x00000034   Code   RO          914    i.I2C_IsAcknowledgeFailed  stm32f4xx_hal_i2c.o
    0x08003938   0x00000158   Code   RO          924    i.I2C_RequestMemoryRead  stm32f4xx_hal_i2c.o
    0x08003a90   0x000000e0   Code   RO          925    i.I2C_RequestMemoryWrite  stm32f4xx_hal_i2c.o
    0x08003b70   0x00000056   Code   RO          933    i.I2C_WaitOnBTFFlagUntilTimeout  stm32f4xx_hal_i2c.o
    0x08003bc6   0x0000007c   Code   RO          934    i.I2C_WaitOnFlagUntilTimeout  stm32f4xx_hal_i2c.o
    0x08003c42   0x000000ac   Code   RO          935    i.I2C_WaitOnMasterAddressFlagUntilTimeout  stm32f4xx_hal_i2c.o
    0x08003cee   0x0000006e   Code   RO          936    i.I2C_WaitOnRXNEFlagUntilTimeout  stm32f4xx_hal_i2c.o
    0x08003d5c   0x00000056   Code   RO          938    i.I2C_WaitOnTXEFlagUntilTimeout  stm32f4xx_hal_i2c.o
    0x08003db2   0x00000002   PAD
    0x08003db4   0x00000014   Code   RO         2850    i.I2Cx_Error        stm32f4_discovery.o
    0x08003dc8   0x00000040   Code   RO         2851    i.I2Cx_Init         stm32f4_discovery.o
    0x08003e08   0x000000ac   Code   RO         2852    i.I2Cx_MspInit      stm32f4_discovery.o
    0x08003eb4   0x00000040   Code   RO         2853    i.I2Cx_ReadData     stm32f4_discovery.o
    0x08003ef4   0x0000003c   Code   RO         2854    i.I2Cx_WriteData    stm32f4_discovery.o
    0x08003f30   0x00000050   Code   RO         3016    i.I2S3_Init         stm32f4_discovery_audio.o
    0x08003f80   0x000000ac   Code   RO          143    i.I2SEx_FullDuplexRx_IT  stm32f4xx_hal_i2s_ex.o
    0x0800402c   0x000000a8   Code   RO          144    i.I2SEx_FullDuplexTx_IT  stm32f4xx_hal_i2s_ex.o
    0x080040d4   0x0000002e   Code   RO          625    i.I2S_DMAError      stm32f4xx_hal_i2s.o
    0x08004102   0x0000002e   Code   RO          628    i.I2S_DMATxCplt     stm32f4xx_hal_i2s.o
    0x08004130   0x0000000e   Code   RO          629    i.I2S_DMATxHalfCplt  stm32f4xx_hal_i2s.o
    0x0800413e   0x000000e0   Code   RO          630    i.I2S_IRQHandler    stm32f4xx_hal_i2s.o
    0x0800421e   0x00000038   Code   RO          631    i.I2S_Receive_IT    stm32f4xx_hal_i2s.o
    0x08004256   0x00000036   Code   RO          632    i.I2S_Transmit_IT   stm32f4xx_hal_i2s.o
    0x0800428c   0x000001c0   Code   RO         3230    i.MX_GPIO_Init      main.o
    0x0800444c   0x00000010   Code   RO         2107    i.NVIC_GetPriorityGrouping  stm32f4xx_hal_cortex.o
    0x0800445c   0x00000028   Code   RO         2108    i.NVIC_SetPriority  stm32f4xx_hal_cortex.o
    0x08004484   0x00000010   Code   RO         3328    i.OTG_FS_IRQHandler  stm32f4xx_it.o
    0x08004494   0x0000000c   Code   RO         3329    i.SysTick_Handler   stm32f4xx_it.o
    0x080044a0   0x00000100   Code   RO         3231    i.SystemClock_Config  main.o
    0x080045a0   0x00000064   Code   RO         3647    i.SystemInit        system_stm32f4xx.o
    0x08004604   0x0000000a   Code   RO         1323    i.USB_GetMode       stm32f4xx_ll_usb.o
    0x0800460e   0x00000148   Code   RO         1324    i.USB_HC_Halt       stm32f4xx_ll_usb.o
    0x08004756   0x0000000c   Code   RO         1326    i.USB_HC_ReadInterrupt  stm32f4xx_ll_usb.o
    0x08004762   0x0000003e   Code   RO         1329    i.USB_InitFSLSPClkSel  stm32f4xx_ll_usb.o
    0x080047a0   0x0000000c   Code   RO         1334    i.USB_ReadInterrupts  stm32f4xx_ll_usb.o
    0x080047ac   0x00000022   Code   RO         1335    i.USB_ReadPacket    stm32f4xx_ll_usb.o
    0x080047ce   0x00000004   Code   RO         3232    i._Error_Handler    main.o
    0x080047d2   0x00000030   Code   RO         3775    i.__ARM_fpclassify  m_wm.l(fpclassify.o)
    0x08004802   0x00000006   PAD
    0x08004808   0x000000c8   Code   RO         3680    i.__hardfp_sin      m_wm.l(sin.o)
    0x080048d0   0x00000438   Code   RO         3726    i.__ieee754_rem_pio2  m_wm.l(rred.o)
    0x08004d08   0x00000170   Code   RO         3709    i.__kernel_cos      m_wm.l(cos_i.o)
    0x08004e78   0x000000f8   Code   RO         3777    i.__kernel_poly     m_wm.l(poly.o)
    0x08004f70   0x00000130   Code   RO         3731    i.__kernel_sin      m_wm.l(sin_i.o)
    0x080050a0   0x00000014   Code   RO         3713    i.__mathlib_dbl_infnan  m_wm.l(dunder.o)
    0x080050b4   0x00000004   PAD
    0x080050b8   0x00000020   Code   RO         3715    i.__mathlib_dbl_invalid  m_wm.l(dunder.o)
    0x080050d8   0x00000020   Code   RO         3718    i.__mathlib_dbl_underflow  m_wm.l(dunder.o)
    0x080050f8   0x0000000e   Code   RO         3791    i.__scatterload_copy  mc_w.l(handlers.o)
    0x08005106   0x00000002   Code   RO         3792    i.__scatterload_null  mc_w.l(handlers.o)
    0x08005108   0x0000000e   Code   RO         3793    i.__scatterload_zeroinit  mc_w.l(handlers.o)
    0x08005116   0x00000002   PAD
    0x08005118   0x0000000c   Code   RO         3757    i.__set_errno       mc_w.l(errno.o)
    0x08005124   0x00000008   Code   RO         2741    i.cs43l22_DeInit    cs43l22.o
    0x0800512c   0x00000104   Code   RO         2742    i.cs43l22_Init      cs43l22.o
    0x08005230   0x00000020   Code   RO         2743    i.cs43l22_Pause     cs43l22.o
    0x08005250   0x00000048   Code   RO         2744    i.cs43l22_Play      cs43l22.o
    0x08005298   0x0000001a   Code   RO         2745    i.cs43l22_ReadID    cs43l22.o
    0x080052b2   0x00000006   Code   RO         2746    i.cs43l22_Reset     cs43l22.o
    0x080052b8   0x00000048   Code   RO         2747    i.cs43l22_Resume    cs43l22.o
    0x08005300   0x00000006   Code   RO         2748    i.cs43l22_SetFrequency  cs43l22.o
    0x08005306   0x00000002   PAD
    0x08005308   0x00000060   Code   RO         2749    i.cs43l22_SetMute   cs43l22.o
    0x08005368   0x00000088   Code   RO         2750    i.cs43l22_SetOutputMode  cs43l22.o
    0x080053f0   0x0000006c   Code   RO         2751    i.cs43l22_SetVolume  cs43l22.o
    0x0800545c   0x00000038   Code   RO         2752    i.cs43l22_Stop      cs43l22.o
    0x08005494   0x00000018   Code   RO         3771    i.fabs              m_wm.l(fabs.o)
    0x080054ac   0x000007d0   Code   RO         3233    i.main              main.o
    0x08005c7c   0x00000060   Code   RO         3234    i.setupADC1         main.o
    0x08005cdc   0x00000074   Code   RO         3235    i.setupADC2         main.o
    0x08005d50   0x00000028   Code   RO         3236    i.setupGPIO         main.o
    0x08005d78   0x00000008   Data   RO          236    .constdata          stm32f4xx_hal_dma.o
    0x08005d80   0x00000060   Data   RO         3018    .constdata          stm32f4_discovery_audio.o
    0x08005de0   0x00000018   Data   RO         3648    .constdata          system_stm32f4xx.o
    0x08005df8   0x00000030   Data   RO         3710    .constdata          m_wm.l(cos_i.o)
    0x08005e28   0x000000c8   Data   RO         3728    .constdata          m_wm.l(rred.o)
    0x08005ef0   0x00000028   Data   RO         3732    .constdata          m_wm.l(sin_i.o)
    0x08005f18   0x00000020   Data   RO         3789    Region$$Table       anon$$obj.o


    Execution Region RW_IRAM1 (Base: 0x20000000, Size: 0x00004a48, Max: 0x00020000, ABSOLUTE)

    Base Addr    Size         Type   Attr      Idx    E Section Name        Object

    0x20000000   0x00000009   Data   RW         2313    .data               stm32f4xx_hal.o
    0x20000009   0x00000003   PAD
    0x2000000c   0x00000032   Data   RW         2753    .data               cs43l22.o
    0x2000003e   0x00000002   PAD
    0x20000040   0x0000001c   Data   RW         2861    .data               stm32f4_discovery.o
    0x2000005c   0x00000006   Data   RW         3019    .data               stm32f4_discovery_audio.o
    0x20000062   0x00000002   PAD
    0x20000064   0x00000010   Data   RW         3238    .data               main.o
    0x20000074   0x00000004   Data   RW         3649    .data               system_stm32f4xx.o
    0x20000078   0x00000004   Data   RW         3758    .data               mc_w.l(errno.o)
    0x2000007c   0x000000ac   Zero   RW         2859    .bss                stm32f4_discovery.o
    0x20000128   0x00000194   Zero   RW         3017    .bss                stm32f4_discovery_audio.o
    0x200002bc   0x0000438c   Zero   RW         3237    .bss                main.o
    0x20004648   0x00000400   Zero   RW            1    STACK               startup_stm32f407xx.o


==============================================================================

Image component sizes


      Code (inc. data)   RO Data    RW Data    ZI Data      Debug   Object Name

       906         26          0         50          0      10013   cs43l22.o
      3024        272          0         16      17292       7622   main.o
        36          8        392          0       1024        840   startup_stm32f407xx.o
       526         52          0         28        172       6723   stm32f4_discovery.o
       850         96         96          6        404      10416   stm32f4_discovery_audio.o
       212         36          0          9          0       4601   stm32f4xx_hal.o
       348         22          0          0          0      32661   stm32f4xx_hal_cortex.o
      1334         16          8          0          0       6336   stm32f4xx_hal_dma.o
       880         86          0          0          0       3210   stm32f4xx_hal_gpio.o
      3338          4          0          0          0       7315   stm32f4xx_hal_hcd.o
      2762         40          0          0          0      12806   stm32f4xx_hal_i2c.o
      1126         30          0          0          0       7410   stm32f4xx_hal_i2s.o
       994         30          0          0          0       3583   stm32f4xx_hal_i2s_ex.o
       346         40          0          0          0       2790   stm32f4xx_hal_msp.o
      1700         74          0          0          0       4981   stm32f4xx_hal_rcc.o
       616         44          0          0          0       2860   stm32f4xx_hal_rcc_ex.o
         0          0          0          0          0     666956   stm32f4xx_hal_tim_ex.o
        44         10          0          0          0       1484   stm32f4xx_it.o
       458          0          0          0          0       4451   stm32f4xx_ll_usb.o
       100         18         24          4          0       1167   system_stm32f4xx.o

    ----------------------------------------------------------------------
     19616        904        552        120      18892     798225   Object Totals
         0          0         32          0          0          0   (incl. Generated)
        16          0          0          7          0          0   (incl. Padding)

    ----------------------------------------------------------------------

      Code (inc. data)   RO Data    RW Data    ZI Data      Debug   Library Member Name

       368         46         48          0          0        200   cos_i.o
        84         16          0          0          0        372   dunder.o
        24          0          0          0          0        124   fabs.o
        48          0          0          0          0        124   fpclassify.o
       248          0          0          0          0        152   poly.o
      1080        142        200          0          0        188   rred.o
       200         20          0          0          0        164   sin.o
       304         24         40          0          0        208   sin_i.o
         0          0          0          0          0          0   entry.o
         0          0          0          0          0          0   entry10a.o
         0          0          0          0          0          0   entry11a.o
         8          4          0          0          0          0   entry2.o
         4          0          0          0          0          0   entry5.o
         0          0          0          0          0          0   entry7b.o
         0          0          0          0          0          0   entry8b.o
         8          4          0          0          0          0   entry9a.o
        12          6          0          4          0         68   errno.o
        30          0          0          0          0          0   handlers.o
        36          8          0          0          0         68   init.o
         0          0          0          0          0          0   iusefp.o
        30          0          0          0          0         68   llshl.o
        36          0          0          0          0         68   llsshr.o
        32          0          0          0          0         68   llushr.o
        98          0          0          0          0         92   uldiv.o
        56          0          0          0          0         88   d2f.o
       334          0          0          0          0        148   dadd.o
       222          0          0          0          0        100   ddiv.o
       186          0          0          0          0        176   depilogue.o
        62          0          0          0          0         80   dfixi.o
        34          0          0          0          0         76   dflti.o
        26          0          0          0          0         76   dfltui.o
       228          0          0          0          0         96   dmul.o
       110          0          0          0          0        168   fepilogue.o

    ----------------------------------------------------------------------
      3920        270        288          4          0       2972   Library Totals
        12          0          0          0          0          0   (incl. Padding)

    ----------------------------------------------------------------------

      Code (inc. data)   RO Data    RW Data    ZI Data      Debug   Library Name

      2356        248        288          0          0       1532   m_wm.l
       294         22          0          4          0        432   mc_w.l
      1258          0          0          0          0       1008   mf_w.l

    ----------------------------------------------------------------------
      3920        270        288          4          0       2972   Library Totals

    ----------------------------------------------------------------------

==============================================================================


      Code (inc. data)   RO Data    RW Data    ZI Data      Debug   

     23536       1174        840        124      18892     788025   Grand Totals
     23536       1174        840        124      18892     788025   ELF Image Totals
     23536       1174        840        124          0          0   ROM Totals

==============================================================================

    Total RO  Size (Code + RO Data)                24376 (  23.80kB)
    Total RW  Size (RW Data + ZI Data)             19016 (  18.57kB)
    Total ROM Size (Code + RO Data + RW Data)      24500 (  23.93kB)

==============================================================================

